Archive member included because of file (symbol)

C:/Freescale/KSDK_1.3.0/lib/ksdk_platform_lib/kds/KL46Z4/debug/libksdk_platform.a(fsl_uart_hal.o)
                              ./utilities/fsl_debug_console.o (UART_HAL_SetBaudRate)
C:/Freescale/KSDK_1.3.0/lib/ksdk_platform_lib/kds/KL46Z4/debug/libksdk_platform.a(fsl_lpsci_hal.o)
                              ./utilities/fsl_debug_console.o (LPSCI_HAL_SetBaudRate)
C:/Freescale/KSDK_1.3.0/lib/ksdk_platform_lib/kds/KL46Z4/debug/libksdk_platform.a(fsl_clock_MKL46Z4.o)
                              ./board/board.o (CLOCK_SYS_SetSimConfigration)
C:/Freescale/KSDK_1.3.0/lib/ksdk_platform_lib/kds/KL46Z4/debug/libksdk_platform.a(fsl_clock_manager.o)
                              C:/Freescale/KSDK_1.3.0/lib/ksdk_platform_lib/kds/KL46Z4/debug/libksdk_platform.a(fsl_clock_MKL46Z4.o) (CLOCK_SYS_GetSystickFreq)
C:/Freescale/KSDK_1.3.0/lib/ksdk_platform_lib/kds/KL46Z4/debug/libksdk_platform.a(fsl_clock_manager_common.o)
                              C:/Freescale/KSDK_1.3.0/lib/ksdk_platform_lib/kds/KL46Z4/debug/libksdk_platform.a(fsl_clock_MKL46Z4.o) (g_oscBase)
C:/Freescale/KSDK_1.3.0/lib/ksdk_platform_lib/kds/KL46Z4/debug/libksdk_platform.a(fsl_os_abstraction_bm.o)
                              C:/Freescale/KSDK_1.3.0/lib/ksdk_platform_lib/kds/KL46Z4/debug/libksdk_platform.a(fsl_clock_manager.o) (OSA_EnterCritical)
C:/Freescale/KSDK_1.3.0/lib/ksdk_platform_lib/kds/KL46Z4/debug/libksdk_platform.a(fsl_sim_hal_MKL46Z4.o)
                              C:/Freescale/KSDK_1.3.0/lib/ksdk_platform_lib/kds/KL46Z4/debug/libksdk_platform.a(fsl_clock_MKL46Z4.o) (CLOCK_HAL_SetOutDiv)
C:/Freescale/KSDK_1.3.0/lib/ksdk_platform_lib/kds/KL46Z4/debug/libksdk_platform.a(fsl_osc_hal.o)
                              C:/Freescale/KSDK_1.3.0/lib/ksdk_platform_lib/kds/KL46Z4/debug/libksdk_platform.a(fsl_clock_manager.o) (OSC_HAL_SetCapacitor)
C:/Freescale/KSDK_1.3.0/lib/ksdk_platform_lib/kds/KL46Z4/debug/libksdk_platform.a(fsl_mcg_hal.o)
                              C:/Freescale/KSDK_1.3.0/lib/ksdk_platform_lib/kds/KL46Z4/debug/libksdk_platform.a(fsl_clock_MKL46Z4.o) (g_xtal0ClkFreq)
C:/Freescale/KSDK_1.3.0/lib/ksdk_platform_lib/kds/KL46Z4/debug/libksdk_platform.a(fsl_mcg_hal_modes.o)
                              C:/Freescale/KSDK_1.3.0/lib/ksdk_platform_lib/kds/KL46Z4/debug/libksdk_platform.a(fsl_clock_manager.o) (CLOCK_HAL_GetMcgMode)
C:/Freescale/KSDK_1.3.0/lib/ksdk_platform_lib/kds/KL46Z4/debug/libksdk_platform.a(fsl_lptmr_hal.o)
                              C:/Freescale/KSDK_1.3.0/lib/ksdk_platform_lib/kds/KL46Z4/debug/libksdk_platform.a(fsl_os_abstraction_bm.o) (LPTMR_HAL_SetTimerWorkingMode)
C:/Freescale/KSDK_1.3.0/lib/ksdk_platform_lib/kds/KL46Z4/debug/libksdk_platform.a(fsl_interrupt_manager.o)
                              C:/Freescale/KSDK_1.3.0/lib/ksdk_platform_lib/kds/KL46Z4/debug/libksdk_platform.a(fsl_os_abstraction_bm.o) (INT_SYS_InstallHandler)
c:/freescale/kds_v3/toolchain/bin/../lib/gcc/arm-none-eabi/4.8.4/armv6-m\libgcc.a(_udivsi3.o)
                              ./utilities/print_scan.o (__aeabi_uidiv)
c:/freescale/kds_v3/toolchain/bin/../lib/gcc/arm-none-eabi/4.8.4/armv6-m\libgcc.a(_divsi3.o)
                              ./utilities/print_scan.o (__aeabi_idiv)
c:/freescale/kds_v3/toolchain/bin/../lib/gcc/arm-none-eabi/4.8.4/armv6-m\libgcc.a(_dvmd_tls.o)
                              c:/freescale/kds_v3/toolchain/bin/../lib/gcc/arm-none-eabi/4.8.4/armv6-m\libgcc.a(_udivsi3.o) (__aeabi_idiv0)
c:/freescale/kds_v3/toolchain/bin/../lib/gcc/arm-none-eabi/4.8.4/../../../../arm-none-eabi/lib/armv6-m\libg_s.a(lib_a-assert.o)
                              ./board/board.o (__assert_func)
c:/freescale/kds_v3/toolchain/bin/../lib/gcc/arm-none-eabi/4.8.4/../../../../arm-none-eabi/lib/armv6-m\libg_s.a(lib_a-calloc.o)
                              C:/Freescale/KSDK_1.3.0/lib/ksdk_platform_lib/kds/KL46Z4/debug/libksdk_platform.a(fsl_os_abstraction_bm.o) (calloc)
c:/freescale/kds_v3/toolchain/bin/../lib/gcc/arm-none-eabi/4.8.4/../../../../arm-none-eabi/lib/armv6-m\libg_s.a(lib_a-errno.o)
                              ./utilities/fsl_misc_utilities.o (__errno)
c:/freescale/kds_v3/toolchain/bin/../lib/gcc/arm-none-eabi/4.8.4/../../../../arm-none-eabi/lib/armv6-m\libg_s.a(lib_a-exit.o)
                              c:/freescale/kds_v3/toolchain/bin/../lib/gcc/arm-none-eabi/4.8.4/../../../../arm-none-eabi/lib/armv6-m/crt0.o (exit)
c:/freescale/kds_v3/toolchain/bin/../lib/gcc/arm-none-eabi/4.8.4/../../../../arm-none-eabi/lib/armv6-m\libg_s.a(lib_a-fprintf.o)
                              c:/freescale/kds_v3/toolchain/bin/../lib/gcc/arm-none-eabi/4.8.4/../../../../arm-none-eabi/lib/armv6-m\libg_s.a(lib_a-assert.o) (fiprintf)
c:/freescale/kds_v3/toolchain/bin/../lib/gcc/arm-none-eabi/4.8.4/../../../../arm-none-eabi/lib/armv6-m\libg_s.a(lib_a-impure.o)
[...]
Memory Configuration

Name             Origin             Length             Attributes
m_interrupts     0x00000000         0x00000100         xr
m_flash_config   0x00000400         0x00000010         xr
m_text           0x00000410         0x0003fbf0         xr
m_data           0x1fffe000         0x00008000         rw
*default*        0x00000000         0xffffffff

Linker script and memory map

LOAD c:/freescale/kds_v3/toolchain/bin/../lib/gcc/arm-none-eabi/4.8.4/armv6-m/crti.o
LOAD c:/freescale/kds_v3/toolchain/bin/../lib/gcc/arm-none-eabi/4.8.4/armv6-m/crtbegin.o
LOAD c:/freescale/kds_v3/toolchain/bin/../lib/gcc/arm-none-eabi/4.8.4/../../../../arm-none-eabi/lib/armv6-m/crt0.o
LOAD ./utilities/fsl_debug_console.o
LOAD ./utilities/fsl_misc_utilities.o
LOAD ./utilities/print_scan.o
LOAD ./board/board.o
LOAD ./board/gpio_pins.o
LOAD ./board/hardware_init.o
LOAD ./board/pin_mux.o
LOAD ./Sources/main.o
LOAD ./Project_Settings/Startup_Code/startup.o
LOAD ./Project_Settings/Startup_Code/startup_MKL46Z4.o
LOAD ./Project_Settings/Startup_Code/system_MKL46Z4.o
LOAD C:/Freescale/KSDK_1.3.0/lib/ksdk_platform_lib/kds/KL46Z4/debug/libksdk_platform.a
LOAD c:/freescale/kds_v3/toolchain/bin/../lib/gcc/arm-none-eabi/4.8.4/../../../../arm-none-eabi/lib/armv6-m\libstdc++_s.a
LOAD c:/freescale/kds_v3/toolchain/bin/../lib/gcc/arm-none-eabi/4.8.4/../../../../arm-none-eabi/lib/armv6-m\libm.a
START GROUP
LOAD c:/freescale/kds_v3/toolchain/bin/../lib/gcc/arm-none-eabi/4.8.4/armv6-m\libgcc.a
LOAD c:/freescale/kds_v3/toolchain/bin/../lib/gcc/arm-none-eabi/4.8.4/../../../../arm-none-eabi/lib/armv6-m\libg_s.a
LOAD c:/freescale/kds_v3/toolchain/bin/../lib/gcc/arm-none-eabi/4.8.4/../../../../arm-none-eabi/lib/armv6-m\libc_s.a
END GROUP
START GROUP
LOAD c:/freescale/kds_v3/toolchain/bin/../lib/gcc/arm-none-eabi/4.8.4/armv6-m\libgcc.a
LOAD c:/freescale/kds_v3/toolchain/bin/../lib/gcc/arm-none-eabi/4.8.4/../../../../arm-none-eabi/lib/armv6-m\libc_s.a
LOAD c:/freescale/kds_v3/toolchain/bin/../lib/gcc/arm-none-eabi/4.8.4/../../../../arm-none-eabi/lib/armv6-m\libnosys.a
END GROUP
START GROUP
LOAD c:/freescale/kds_v3/toolchain/bin/../lib/gcc/arm-none-eabi/4.8.4/armv6-m\libgcc.a
LOAD c:/freescale/kds_v3/toolchain/bin/../lib/gcc/arm-none-eabi/4.8.4/../../../../arm-none-eabi/lib/armv6-m\libc_s.a
LOAD c:/freescale/kds_v3/toolchain/bin/../lib/gcc/arm-none-eabi/4.8.4/../../../../arm-none-eabi/lib/armv6-m\libnosys.a
END GROUP
LOAD c:/freescale/kds_v3/toolchain/bin/../lib/gcc/arm-none-eabi/4.8.4/armv6-m/crtend.o
LOAD c:/freescale/kds_v3/toolchain/bin/../lib/gcc/arm-none-eabi/4.8.4/armv6-m/crtn.o
                0x00000400                HEAP_SIZE = DEFINED (__heap_size__)?__heap_size__:0x400
                0x00000400                STACK_SIZE = DEFINED (__stack_size__)?__stack_size__:0x400
                0x00000000                M_VECTOR_RAM_SIZE = DEFINED (__ram_vector_table__)?0x100:0x0

.interrupts     0x00000000       0xc0
                0x00000000                __VECTOR_TABLE = .
                0x00000000                . = ALIGN (0x4)
 *(.isr_vector)
 .isr_vector    0x00000000       0xc0 ./Project_Settings/Startup_Code/startup_MKL46Z4.o
                0x00000000                __isr_vector
                0x000000c0                . = ALIGN (0x4)

.flash_config   0x00000400       0x10
                0x00000400                . = ALIGN (0x4)
 *(.FlashConfig)
 .FlashConfig   0x00000400       0x10 ./Project_Settings/Startup_Code/startup_MKL46Z4.o
                0x00000410                . = ALIGN (0x4)

.text           0x00000410     0x332c
                0x00000410                . = ALIGN (0x4)
 *(.text)
 .text          0x00000410       0x60 c:/freescale/kds_v3/toolchain/bin/../lib/gcc/arm-none-eabi/4.8.4/armv6-m/crtbegin.o
 .text          0x00000470       0x78 c:/freescale/kds_v3/toolchain/bin/../lib/gcc/arm-none-eabi/4.8.4/../../../../arm-none-eabi/lib/armv6-m/crt0.o
                0x00000470                _start
                0x00000470                _mainCRTStartup
 .text          0x000004e8       0x18 ./Project_Settings/Startup_Code/startup_MKL46Z4.o
                0x000004e8                Reset_Handler
                0x000004f8                HardFault_Handler
                0x000004f8                SysTick_Handler
                0x000004f8                PendSV_Handler
                0x000004f8                NMI_Handler
                0x000004f8                PORTC_PORTD_IRQHandler
                0x000004f8                I2C1_IRQHandler
                0x000004f8                UART1_IRQHandler
                0x000004f8                DMA2_IRQHandler
                0x000004f8                TPM0_IRQHandler
                0x000004f8                I2S0_IRQHandler
                0x000004f8                LLWU_IRQHandler
                0x000004f8                TSI0_IRQHandler
                0x000004f8                UART0_IRQHandler
                0x000004f8                ADC0_IRQHandler
                0x000004f8                SPI1_IRQHandler
                0x000004f8                DefaultISR
                0x000004f8                TPM2_IRQHandler
                0x000004f8                RTC_IRQHandler
                0x000004f8                I2C0_IRQHandler
                0x000004f8                LCD_IRQHandler
                0x000004f8                RTC_Seconds_IRQHandler
                0x000004f8                MCG_IRQHandler
                0x000004f8                UART2_IRQHandler
                0x000004f8                Reserved20_IRQHandler
                0x000004f8                USB0_IRQHandler
                0x000004f8                PIT_IRQHandler
                0x000004f8                SVC_Handler
                0x000004f8                DMA3_IRQHandler
                0x000004f8                DMA0_IRQHandler
                0x000004f8                DAC0_IRQHandler
                0x000004f8                TPM1_IRQHandler
                0x000004f8                LVD_LVW_IRQHandler
                0x000004f8                SPI0_IRQHandler
                0x000004f8                PORTA_IRQHandler
                0x000004f8                FTFA_IRQHandler
                0x000004f8                LPTMR0_IRQHandler
                0x000004f8                CMP0_IRQHandler
                0x000004f8                DMA1_IRQHandler
 .text          0x00000500       0x9c c:/freescale/kds_v3/toolchain/bin/../lib/gcc/arm-none-eabi/4.8.4/armv6-m\libgcc.a(_udivsi3.o)
                0x00000500                __aeabi_uidiv
                0x00000500                __udivsi3
                0x00000588                __aeabi_uidivmod
 .text          0x0000059c        0x4 c:/freescale/kds_v3/toolchain/bin/../lib/gcc/arm-none-eabi/4.8.4/armv6-m\libgcc.a(_dvmd_tls.o)
                0x0000059c                __aeabi_idiv0
                0x0000059c                __aeabi_ldiv0
 *(.text*)
 .text.UART_HAL_EnableTransmitter
                0x000005a0       0x1c ./utilities/fsl_debug_console.o
 .text.UART_HAL_EnableReceiver
                0x000005bc       0x1c ./utilities/fsl_debug_console.o
 .text.UART_HAL_SetBitCountPerChar
                0x000005d8       0x28 ./utilities/fsl_debug_console.o
 .text.UART_HAL_SetStopBitCount
                0x00000600       0x28 ./utilities/fsl_debug_console.o
 .text.LPSCI_HAL_EnableTransmitter
                0x00000628       0x1c ./utilities/fsl_debug_console.o
 .text.LPSCI_HAL_EnableReceiver
                0x00000644       0x1c ./utilities/fsl_debug_console.o
 .text.LPSCI_HAL_SetBitCountPerChar
                0x00000660       0x28 ./utilities/fsl_debug_console.o
 .text.LPSCI_HAL_SetStopBitCount
                0x00000688       0x28 ./utilities/fsl_debug_console.o
 .text.DbgConsole_Init
                0x000006b0      0x160 ./utilities/fsl_debug_console.o
                0x000006b0                DbgConsole_Init
 .text._write   0x00000810       0x5c ./utilities/fsl_debug_console.o
                0x00000810                _write
 .text._read    0x0000086c       0x48 ./utilities/fsl_debug_console.o
                0x0000086c                _read
 .text._sbrk    0x000008b4       0x5c ./utilities/fsl_misc_utilities.o
                0x000008b4                _sbrk
 .text.PORT_HAL_SetMuxMode
                0x00000910       0x4c ./board/board.o
 .text.CLOCK_HAL_SetLpsciSrc
                0x0000095c       0x30 ./board/board.o
 .text.CLOCK_SYS_SetLpsciSrc
                0x0000098c       0x2c ./board/board.o
 .text.SMC_HAL_SetProtection
                0x000009b8       0x1c ./board/board.o
 .text.BOARD_InitOsc0
                0x000009d4       0x40 ./board/board.o
                0x000009d4                BOARD_InitOsc0
 .text.CLOCK_SetBootConfig
                0x00000a14       0x3c ./board/board.o
 .text.BOARD_ClockInit
                0x00000a50       0x44 ./board/board.o
                0x00000a50                BOARD_ClockInit
 .text.dbg_uart_init
                0x00000a94       0x24 ./board/board.o
                0x00000a94                dbg_uart_init
 .text.hardware_init
                0x00000ab8       0x24 ./board/hardware_init.o
                0x00000ab8                hardware_init
 .text.PORT_HAL_SetMuxMode
                0x00000adc       0x4c ./board/pin_mux.o
 .text.configure_lpsci_pins
                0x00000b28       0x34 ./board/pin_mux.o
                0x00000b28                configure_lpsci_pins
 .text.main     0x00000b5c      0x234 ./Sources/main.o
                0x00000b5c                main
 .text.init_data_bss
                0x00000d90       0xc8 ./Project_Settings/Startup_Code/startup.o
                0x00000d90                init_data_bss
 .text.SystemInit
                0x00000e58       0x18 ./Project_Settings/Startup_Code/system_MKL46Z4.o
                0x00000e58                SystemInit
 .text.UART_HAL_SetBaudRate
                0x00000e70       0x6c C:/Freescale/KSDK_1.3.0/lib/ksdk_platform_lib/kds/KL46Z4/debug/libksdk_platform.a(fsl_uart_hal.o)
                0x00000e70                UART_HAL_SetBaudRate
 .text.UART_HAL_SetParityMode
                0x00000edc       0x40 C:/Freescale/KSDK_1.3.0/lib/ksdk_platform_lib/kds/KL46Z4/debug/libksdk_platform.a(fsl_uart_hal.o)
                0x00000edc                UART_HAL_SetParityMode
 .text.UART_HAL_Putchar
                0x00000f1c       0x34 C:/Freescale/KSDK_1.3.0/lib/ksdk_platform_lib/kds/KL46Z4/debug/libksdk_platform.a(fsl_uart_hal.o)
                0x00000f1c                UART_HAL_Putchar
 .text.UART_HAL_Getchar
                0x00000f50       0x34 C:/Freescale/KSDK_1.3.0/lib/ksdk_platform_lib/kds/KL46Z4/debug/libksdk_platform.a(fsl_uart_hal.o)
                0x00000f50                UART_HAL_Getchar
 .text.UART_HAL_SendDataPolling
                0x00000f84       0x44 C:/Freescale/KSDK_1.3.0/lib/ksdk_platform_lib/kds/KL46Z4/debug/libksdk_platform.a(fsl_uart_hal.o)
                0x00000f84                UART_HAL_SendDataPolling
 .text.UART_HAL_ReceiveDataPolling
                0x00000fc8       0xa4 C:/Freescale/KSDK_1.3.0/lib/ksdk_platform_lib/kds/KL46Z4/debug/libksdk_platform.a(fsl_uart_hal.o)
                0x00000fc8                UART_HAL_ReceiveDataPolling
 .text.LPSCI_HAL_Putchar
                0x0000106c       0x1c C:/Freescale/KSDK_1.3.0/lib/ksdk_platform_lib/kds/KL46Z4/debug/libksdk_platform.a(fsl_lpsci_hal.o)
 .text.LPSCI_HAL_Getchar
                0x00001088       0x1c C:/Freescale/KSDK_1.3.0/lib/ksdk_platform_lib/kds/KL46Z4/debug/libksdk_platform.a(fsl_lpsci_hal.o)
 .text.LPSCI_HAL_SetBaudRate
                0x000010a4      0x14c C:/Freescale/KSDK_1.3.0/lib/ksdk_platform_lib/kds/KL46Z4/debug/libksdk_platform.a(fsl_lpsci_hal.o)
                0x000010a4                LPSCI_HAL_SetBaudRate
 .text.LPSCI_HAL_SetParityMode
                0x000011f0       0x40 C:/Freescale/KSDK_1.3.0/lib/ksdk_platform_lib/kds/KL46Z4/debug/libksdk_platform.a(fsl_lpsci_hal.o)
                0x000011f0                LPSCI_HAL_SetParityMode
 .text.LPSCI_HAL_SendDataPolling
                0x00001230       0x44 C:/Freescale/KSDK_1.3.0/lib/ksdk_platform_lib/kds/KL46Z4/debug/libksdk_platform.a(fsl_lpsci_hal.o)
                0x00001230                LPSCI_HAL_SendDataPolling
 .text.LPSCI_HAL_ReceiveDataPolling
                0x00001274       0x88 C:/Freescale/KSDK_1.3.0/lib/ksdk_platform_lib/kds/KL46Z4/debug/libksdk_platform.a(fsl_lpsci_hal.o)
                0x00001274                LPSCI_HAL_ReceiveDataPolling
 .text.SIM_HAL_EnableClock
                0x000012fc       0x58 C:/Freescale/KSDK_1.3.0/lib/ksdk_platform_lib/kds/KL46Z4/debug/libksdk_platform.a(fsl_clock_MKL46Z4.o)
 .text.CLOCK_HAL_GetLpsciSrc
                0x00001354       0x28 C:/Freescale/KSDK_1.3.0/lib/ksdk_platform_lib/kds/KL46Z4/debug/libksdk_platform.a(fsl_clock_MKL46Z4.o)
 .text.CLOCK_HAL_SetExternalRefClock32kSrc
                0x0000137c       0x28 C:/Freescale/KSDK_1.3.0/lib/ksdk_platform_lib/kds/KL46Z4/debug/libksdk_platform.a(fsl_clock_MKL46Z4.o)
 .text.CLOCK_HAL_SetPllfllSel
                0x000013a4       0x2c C:/Freescale/KSDK_1.3.0/lib/ksdk_platform_lib/kds/KL46Z4/debug/libksdk_platform.a(fsl_clock_MKL46Z4.o)
 .text.CLOCK_HAL_GetPllfllSel
                0x000013d0       0x24 C:/Freescale/KSDK_1.3.0/lib/ksdk_platform_lib/kds/KL46Z4/debug/libksdk_platform.a(fsl_clock_MKL46Z4.o)
 .text.CLOCK_HAL_GetOutDiv1
                0x000013f4       0x28 C:/Freescale/KSDK_1.3.0/lib/ksdk_platform_lib/kds/KL46Z4/debug/libksdk_platform.a(fsl_clock_MKL46Z4.o)
 .text.CLOCK_HAL_GetOutDiv4
                0x0000141c       0x28 C:/Freescale/KSDK_1.3.0/lib/ksdk_platform_lib/kds/KL46Z4/debug/libksdk_platform.a(fsl_clock_MKL46Z4.o)
 .text.OSC_HAL_GetExternalRefClkCmd
                0x00001444       0x24 C:/Freescale/KSDK_1.3.0/lib/ksdk_platform_lib/kds/KL46Z4/debug/libksdk_platform.a(fsl_clock_MKL46Z4.o)
 .text.CLOCK_SYS_SetSimConfigration
                0x00001468       0x48 C:/Freescale/KSDK_1.3.0/lib/ksdk_platform_lib/kds/KL46Z4/debug/libksdk_platform.a(fsl_clock_MKL46Z4.o)
                0x00001468                CLOCK_SYS_SetSimConfigration
 .text.CLOCK_SYS_GetSystemClockFreq
                0x000014b0       0x34 C:/Freescale/KSDK_1.3.0/lib/ksdk_platform_lib/kds/KL46Z4/debug/libksdk_platform.a(fsl_clock_MKL46Z4.o)
                0x000014b0                CLOCK_SYS_GetSystemClockFreq
 .text.CLOCK_SYS_GetBusClockFreq
                0x000014e4       0x2c C:/Freescale/KSDK_1.3.0/lib/ksdk_platform_lib/kds/KL46Z4/debug/libksdk_platform.a(fsl_clock_MKL46Z4.o)
                0x000014e4                CLOCK_SYS_GetBusClockFreq
 .text.CLOCK_SYS_GetPllFllClockFreq
                0x00001510       0x5c C:/Freescale/KSDK_1.3.0/lib/ksdk_platform_lib/kds/KL46Z4/debug/libksdk_platform.a(fsl_clock_MKL46Z4.o)
                0x00001510                CLOCK_SYS_GetPllFllClockFreq
 .text.CLOCK_SYS_GetOsc0ExternalRefClockFreq
                0x0000156c       0x2c C:/Freescale/KSDK_1.3.0/lib/ksdk_platform_lib/kds/KL46Z4/debug/libksdk_platform.a(fsl_clock_MKL46Z4.o)
                0x0000156c                CLOCK_SYS_GetOsc0ExternalRefClockFreq
 .text.CLOCK_SYS_GetLpsciFreq
                0x00001598       0x68 C:/Freescale/KSDK_1.3.0/lib/ksdk_platform_lib/kds/KL46Z4/debug/libksdk_platform.a(fsl_clock_MKL46Z4.o)
                0x00001598                CLOCK_SYS_GetLpsciFreq
 .text.CLOCK_SYS_GetUartFreq
                0x00001600       0x2c C:/Freescale/KSDK_1.3.0/lib/ksdk_platform_lib/kds/KL46Z4/debug/libksdk_platform.a(fsl_clock_MKL46Z4.o)
                0x00001600                CLOCK_SYS_GetUartFreq
 .text.CLOCK_SYS_EnablePortClock
                0x0000162c       0x4c C:/Freescale/KSDK_1.3.0/lib/ksdk_platform_lib/kds/KL46Z4/debug/libksdk_platform.a(fsl_clock_MKL46Z4.o)
                0x0000162c                CLOCK_SYS_EnablePortClock
 .text.CLOCK_SYS_EnableLpsciClock
                0x00001678       0x40 C:/Freescale/KSDK_1.3.0/lib/ksdk_platform_lib/kds/KL46Z4/debug/libksdk_platform.a(fsl_clock_MKL46Z4.o)
                0x00001678                CLOCK_SYS_EnableLpsciClock
 .text.CLOCK_SYS_EnableUartClock
                0x000016b8       0x4c C:/Freescale/KSDK_1.3.0/lib/ksdk_platform_lib/kds/KL46Z4/debug/libksdk_platform.a(fsl_clock_MKL46Z4.o)
                0x000016b8                CLOCK_SYS_EnableUartClock
 .text.CLOCK_HAL_SetClkOutSrc
                0x00001704       0x28 C:/Freescale/KSDK_1.3.0/lib/ksdk_platform_lib/kds/KL46Z4/debug/libksdk_platform.a(fsl_clock_manager.o)
 .text.CLOCK_HAL_SetClksFrdivIrefs
                0x0000172c       0x60 C:/Freescale/KSDK_1.3.0/lib/ksdk_platform_lib/kds/KL46Z4/debug/libksdk_platform.a(fsl_clock_manager.o)
 .text.CLOCK_HAL_GetClkOutStat
                0x0000178c       0x20 C:/Freescale/KSDK_1.3.0/lib/ksdk_platform_lib/kds/KL46Z4/debug/libksdk_platform.a(fsl_clock_manager.o)
 .text.CLOCK_HAL_GetFllSrc
                0x000017ac       0x20 C:/Freescale/KSDK_1.3.0/lib/ksdk_platform_lib/kds/KL46Z4/debug/libksdk_platform.a(fsl_clock_manager.o)
 .text.CLOCK_HAL_IsOsc0Stable
                0x000017cc       0x24 C:/Freescale/KSDK_1.3.0/lib/ksdk_platform_lib/kds/KL46Z4/debug/libksdk_platform.a(fsl_clock_manager.o)
 .text.OSC_HAL_SetExternalRefClkCmd
                0x000017f0       0x28 C:/Freescale/KSDK_1.3.0/lib/ksdk_platform_lib/kds/KL46Z4/debug/libksdk_platform.a(fsl_clock_manager.o)
 .text.OSC_HAL_SetExternalRefClkInStopModeCmd
                0x00001818       0x28 C:/Freescale/KSDK_1.3.0/lib/ksdk_platform_lib/kds/KL46Z4/debug/libksdk_platform.a(fsl_clock_manager.o)
 .text.CLOCK_SYS_BootToPee
                0x00001840       0xd0 C:/Freescale/KSDK_1.3.0/lib/ksdk_platform_lib/kds/KL46Z4/debug/libksdk_platform.a(fsl_clock_manager.o)
                0x00001840                CLOCK_SYS_BootToPee
 .text.CLOCK_SYS_OscInit
                0x00001910       0xf0 C:/Freescale/KSDK_1.3.0/lib/ksdk_platform_lib/kds/KL46Z4/debug/libksdk_platform.a(fsl_clock_manager.o)
                0x00001910                CLOCK_SYS_OscInit
 .text.CLOCK_SYS_SetOscerConfigration
                0x00001a00       0x3c C:/Freescale/KSDK_1.3.0/lib/ksdk_platform_lib/kds/KL46Z4/debug/libksdk_platform.a(fsl_clock_manager.o)
                0x00001a00                CLOCK_SYS_SetOscerConfigration
 .text.CLOCK_HAL_SetOutDiv
                0x00001a3c       0x50 C:/Freescale/KSDK_1.3.0/lib/ksdk_platform_lib/kds/KL46Z4/debug/libksdk_platform.a(fsl_sim_hal_MKL46Z4.o)
                0x00001a3c                CLOCK_HAL_SetOutDiv
 .text.OSC_HAL_SetCapacitor
                0x00001a8c       0x28 C:/Freescale/KSDK_1.3.0/lib/ksdk_platform_lib/kds/KL46Z4/debug/libksdk_platform.a(fsl_osc_hal.o)
                0x00001a8c                OSC_HAL_SetCapacitor
 .text.CLOCK_HAL_GetClkOutStat
                0x00001ab4       0x20 C:/Freescale/KSDK_1.3.0/lib/ksdk_platform_lib/kds/KL46Z4/debug/libksdk_platform.a(fsl_mcg_hal.o)
 .text.CLOCK_HAL_SetInternalRefClkMode
                0x00001ad4       0x24 C:/Freescale/KSDK_1.3.0/lib/ksdk_platform_lib/kds/KL46Z4/debug/libksdk_platform.a(fsl_mcg_hal.o)
 .text.CLOCK_HAL_GetInternalRefClkMode
                0x00001af8       0x20 C:/Freescale/KSDK_1.3.0/lib/ksdk_platform_lib/kds/KL46Z4/debug/libksdk_platform.a(fsl_mcg_hal.o)
 .text.CLOCK_HAL_IsPllSelected
                0x00001b18       0x24 C:/Freescale/KSDK_1.3.0/lib/ksdk_platform_lib/kds/KL46Z4/debug/libksdk_platform.a(fsl_mcg_hal.o)
 .text.CLOCK_HAL_IsOsc0Stable
                0x00001b3c       0x24 C:/Freescale/KSDK_1.3.0/lib/ksdk_platform_lib/kds/KL46Z4/debug/libksdk_platform.a(fsl_mcg_hal.o)
 .text.CLOCK_HAL_PrepareOsc
                0x00001b60       0x3c C:/Freescale/KSDK_1.3.0/lib/ksdk_platform_lib/kds/KL46Z4/debug/libksdk_platform.a(fsl_mcg_hal.o)
                0x00001b60                CLOCK_HAL_PrepareOsc
 .text.CLOCK_HAL_GetMcgExternalClkFreq
                0x00001b9c       0x18 C:/Freescale/KSDK_1.3.0/lib/ksdk_platform_lib/kds/KL46Z4/debug/libksdk_platform.a(fsl_mcg_hal.o)
 .text.CLOCK_HAL_TestFllExternalRefFreq
                0x00001bb4       0x7c C:/Freescale/KSDK_1.3.0/lib/ksdk_platform_lib/kds/KL46Z4/debug/libksdk_platform.a(fsl_mcg_hal.o)
                0x00001bb4                CLOCK_HAL_TestFllExternalRefFreq
 .text.CLOCK_HAL_GetFllRefClk
                0x00001c30       0x8c C:/Freescale/KSDK_1.3.0/lib/ksdk_platform_lib/kds/KL46Z4/debug/libksdk_platform.a(fsl_mcg_hal.o)
                0x00001c30                CLOCK_HAL_GetFllRefClk
 .text.CLOCK_HAL_TestFllFreq
                0x00001cbc       0x6c C:/Freescale/KSDK_1.3.0/lib/ksdk_platform_lib/kds/KL46Z4/debug/libksdk_platform.a(fsl_mcg_hal.o)
                0x00001cbc                CLOCK_HAL_TestFllFreq
 .text.CLOCK_HAL_GetFllClk
                0x00001d28       0x7c C:/Freescale/KSDK_1.3.0/lib/ksdk_platform_lib/kds/KL46Z4/debug/libksdk_platform.a(fsl_mcg_hal.o)
                0x00001d28                CLOCK_HAL_GetFllClk
 .text.CLOCK_HAL_UpdateFastClkInternalRefDiv
                0x00001da4       0xb8 C:/Freescale/KSDK_1.3.0/lib/ksdk_platform_lib/kds/KL46Z4/debug/libksdk_platform.a(fsl_mcg_hal.o)
                0x00001da4                CLOCK_HAL_UpdateFastClkInternalRefDiv
 .text.CLOCK_HAL_UpdateInternalRefClk
                0x00001e5c       0x8c C:/Freescale/KSDK_1.3.0/lib/ksdk_platform_lib/kds/KL46Z4/debug/libksdk_platform.a(fsl_mcg_hal.o)
                0x00001e5c                CLOCK_HAL_UpdateInternalRefClk
 .text.CLOCK_HAL_GetPll0RefFreq
                0x00001ee8       0x1c C:/Freescale/KSDK_1.3.0/lib/ksdk_platform_lib/kds/KL46Z4/debug/libksdk_platform.a(fsl_mcg_hal.o)
                0x00001ee8                CLOCK_HAL_GetPll0RefFreq
 .text.CLOCK_HAL_GetPll0Clk
                0x00001f04       0x90 C:/Freescale/KSDK_1.3.0/lib/ksdk_platform_lib/kds/KL46Z4/debug/libksdk_platform.a(fsl_mcg_hal.o)
                0x00001f04                CLOCK_HAL_GetPll0Clk
 .text.CLOCK_HAL_GetInternalRefClk
                0x00001f94       0x64 C:/Freescale/KSDK_1.3.0/lib/ksdk_platform_lib/kds/KL46Z4/debug/libksdk_platform.a(fsl_mcg_hal.o)
                0x00001f94                CLOCK_HAL_GetInternalRefClk
 .text.CLOCK_HAL_GetOutClk
                0x00001ff8       0x7c C:/Freescale/KSDK_1.3.0/lib/ksdk_platform_lib/kds/KL46Z4/debug/libksdk_platform.a(fsl_mcg_hal.o)
                0x00001ff8                CLOCK_HAL_GetOutClk
 .text.CLOCK_HAL_SetOsc0Mode
                0x00002074       0x68 C:/Freescale/KSDK_1.3.0/lib/ksdk_platform_lib/kds/KL46Z4/debug/libksdk_platform.a(fsl_mcg_hal.o)
                0x00002074                CLOCK_HAL_SetOsc0Mode
 .text.CLOCK_HAL_GetClkOutStat
                0x000020dc       0x20 C:/Freescale/KSDK_1.3.0/lib/ksdk_platform_lib/kds/KL46Z4/debug/libksdk_platform.a(fsl_mcg_hal_modes.o)
 .text.CLOCK_HAL_SetPll0EnableCmd
                0x000020fc       0x28 C:/Freescale/KSDK_1.3.0/lib/ksdk_platform_lib/kds/KL46Z4/debug/libksdk_platform.a(fsl_mcg_hal_modes.o)
 .text.CLOCK_HAL_IsPll0Locked
                0x00002124       0x24 C:/Freescale/KSDK_1.3.0/lib/ksdk_platform_lib/kds/KL46Z4/debug/libksdk_platform.a(fsl_mcg_hal_modes.o)
 .text.CLOCK_HAL_IsPllSelected
                0x00002148       0x24 C:/Freescale/KSDK_1.3.0/lib/ksdk_platform_lib/kds/KL46Z4/debug/libksdk_platform.a(fsl_mcg_hal_modes.o)
 .text.CLOCK_HAL_SetPbeMode
                0x0000216c      0x100 C:/Freescale/KSDK_1.3.0/lib/ksdk_platform_lib/kds/KL46Z4/debug/libksdk_platform.a(fsl_mcg_hal_modes.o)
                0x0000216c                CLOCK_HAL_SetPbeMode
 .text.__assert_func
                0x0000226c       0x3c c:/freescale/kds_v3/toolchain/bin/../lib/gcc/arm-none-eabi/4.8.4/../../../../arm-none-eabi/lib/armv6-m\libg_s.a(lib_a-assert.o)
                0x0000226c                __assert_func
 .text.__errno  0x000022a8        0xc c:/freescale/kds_v3/toolchain/bin/../lib/gcc/arm-none-eabi/4.8.4/../../../../arm-none-eabi/lib/armv6-m\libg_s.a(lib_a-errno.o)
                0x000022a8                __errno
 .text.exit     0x000022b4       0x2c c:/freescale/kds_v3/toolchain/bin/../lib/gcc/arm-none-eabi/4.8.4/../../../../arm-none-eabi/lib/armv6-m\libg_s.a(lib_a-exit.o)
                0x000022b4                exit
 .text.fprintf  0x000022e0       0x24 c:/freescale/kds_v3/toolchain/bin/../lib/gcc/arm-none-eabi/4.8.4/../../../../arm-none-eabi/lib/armv6-m\libg_s.a(lib_a-fprintf.o)
                0x000022e0                fiprintf
                0x000022e0                fprintf
 .text.__libc_init_array
                0x00002304       0x4c c:/freescale/kds_v3/toolchain/bin/../lib/gcc/arm-none-eabi/4.8.4/../../../../arm-none-eabi/lib/armv6-m\libg_s.a(lib_a-init.o)
                0x00002304                __libc_init_array
 .text.memset   0x00002350       0x10 c:/freescale/kds_v3/toolchain/bin/../lib/gcc/arm-none-eabi/4.8.4/../../../../arm-none-eabi/lib/armv6-m\libg_s.a(lib_a-memset.o)
                0x00002350                memset
 .text._free_r  0x00002360       0x90 c:/freescale/kds_v3/toolchain/bin/../lib/gcc/arm-none-eabi/4.8.4/../../../../arm-none-eabi/lib/armv6-m\libg_s.a(lib_a-nano-freer.o)
                0x00002360                _free_r
 .text._malloc_r
                0x000023f0       0xa8 c:/freescale/kds_v3/toolchain/bin/../lib/gcc/arm-none-eabi/4.8.4/../../../../arm-none-eabi/lib/armv6-m\libg_s.a(lib_a-nano-mallocr.o)
                0x000023f0                _malloc_r
 .text._sbrk_r  0x00002498       0x24 c:/freescale/kds_v3/toolchain/bin/../lib/gcc/arm-none-eabi/4.8.4/../../../../arm-none-eabi/lib/armv6-m\libg_s.a(lib_a-sbrkr.o)
                0x00002498                _sbrk_r
 .text.strlen   0x000024bc        0xe c:/freescale/kds_v3/toolchain/bin/../lib/gcc/arm-none-eabi/4.8.4/../../../../arm-none-eabi/lib/armv6-m\libg_s.a(lib_a-strlen.o)
                0x000024bc                strlen
 .text.__sfputc_r
                0x000024ca       0x2a c:/freescale/kds_v3/toolchain/bin/../lib/gcc/arm-none-eabi/4.8.4/../../../../arm-none-eabi/lib/armv6-m\libg_s.a(lib_a-vfprintf.o)
 .text.__sfputs_r
                0x000024f4       0x24 c:/freescale/kds_v3/toolchain/bin/../lib/gcc/arm-none-eabi/4.8.4/../../../../arm-none-eabi/lib/armv6-m\libg_s.a(lib_a-vfprintf.o)
                0x000024f4                __sfputs_r
 .text._vfprintf_r
                0x00002518      0x210 c:/freescale/kds_v3/toolchain/bin/../lib/gcc/arm-none-eabi/4.8.4/../../../../arm-none-eabi/lib/armv6-m\libg_s.a(lib_a-vfprintf.o)
                0x00002518                _vfprintf_r
                0x00002518                _vfiprintf_r
 .text._printf_common
                0x00002728       0xe8 c:/freescale/kds_v3/toolchain/bin/../lib/gcc/arm-none-eabi/4.8.4/../../../../arm-none-eabi/lib/armv6-m\libg_s.a(lib_a-vfprintf_i.o)
                0x00002728                _printf_common
 .text._printf_i
                0x00002810      0x22c c:/freescale/kds_v3/toolchain/bin/../lib/gcc/arm-none-eabi/4.8.4/../../../../arm-none-eabi/lib/armv6-m\libg_s.a(lib_a-vfprintf_i.o)
                0x00002810                _printf_i
 .text.__swbuf_r
                0x00002a3c       0xb0 c:/freescale/kds_v3/toolchain/bin/../lib/gcc/arm-none-eabi/4.8.4/../../../../arm-none-eabi/lib/armv6-m\libg_s.a(lib_a-wbuf.o)
                0x00002a3c                __swbuf_r
 .text.__swsetup_r
                0x00002aec       0xe4 c:/freescale/kds_v3/toolchain/bin/../lib/gcc/arm-none-eabi/4.8.4/../../../../arm-none-eabi/lib/armv6-m\libg_s.a(lib_a-wsetup.o)
                0x00002aec                __swsetup_r
 .text.abort    0x00002bd0        0xe c:/freescale/kds_v3/toolchain/bin/../lib/gcc/arm-none-eabi/4.8.4/../../../../arm-none-eabi/lib/armv6-m\libg_s.a(lib_a-abort.o)
                0x00002bd0                abort
 .text.__sflush_r
                0x00002bde      0x112 c:/freescale/kds_v3/toolchain/bin/../lib/gcc/arm-none-eabi/4.8.4/../../../../arm-none-eabi/lib/armv6-m\libg_s.a(lib_a-fflush.o)
                0x00002bde                __sflush_r
 .text._fflush_r
                0x00002cf0       0x58 c:/freescale/kds_v3/toolchain/bin/../lib/gcc/arm-none-eabi/4.8.4/../../../../arm-none-eabi/lib/armv6-m\libg_s.a(lib_a-fflush.o)
                0x00002cf0                _fflush_r
 .text._cleanup_r
                0x00002d48       0x34 c:/freescale/kds_v3/toolchain/bin/../lib/gcc/arm-none-eabi/4.8.4/../../../../arm-none-eabi/lib/armv6-m\libg_s.a(lib_a-findfp.o)
                0x00002d48                _cleanup_r
 .text.std.isra.0
                0x00002d7c       0x48 c:/freescale/kds_v3/toolchain/bin/../lib/gcc/arm-none-eabi/4.8.4/../../../../arm-none-eabi/lib/armv6-m\libg_s.a(lib_a-findfp.o)
 .text.__sfmoreglue
                0x00002dc4       0x2c c:/freescale/kds_v3/toolchain/bin/../lib/gcc/arm-none-eabi/4.8.4/../../../../arm-none-eabi/lib/armv6-m\libg_s.a(lib_a-findfp.o)
                0x00002dc4                __sfmoreglue
 .text.__sinit  0x00002df0       0x64 c:/freescale/kds_v3/toolchain/bin/../lib/gcc/arm-none-eabi/4.8.4/../../../../arm-none-eabi/lib/armv6-m\libg_s.a(lib_a-findfp.o)
                0x00002df0                __sinit
 .text.__sfp    0x00002e54       0x7c c:/freescale/kds_v3/toolchain/bin/../lib/gcc/arm-none-eabi/4.8.4/../../../../arm-none-eabi/lib/armv6-m\libg_s.a(lib_a-findfp.o)
                0x00002e54                __sfp
 .text.__smakebuf_r
                0x00002ed0       0xa0 c:/freescale/kds_v3/toolchain/bin/../lib/gcc/arm-none-eabi/4.8.4/../../../../arm-none-eabi/lib/armv6-m\libg_s.a(lib_a-makebuf.o)
                0x00002ed0                __smakebuf_r
 .text.memchr   0x00002f70       0x16 c:/freescale/kds_v3/toolchain/bin/../lib/gcc/arm-none-eabi/4.8.4/../../../../arm-none-eabi/lib/armv6-m\libg_s.a(lib_a-memchr-stub.o)
                0x00002f70                memchr
 .text._raise_r
                0x00002f86       0x56 c:/freescale/kds_v3/toolchain/bin/../lib/gcc/arm-none-eabi/4.8.4/../../../../arm-none-eabi/lib/armv6-m\libg_s.a(lib_a-signal.o)
                0x00002f86                _raise_r
 .text.raise    0x00002fdc       0x14 c:/freescale/kds_v3/toolchain/bin/../lib/gcc/arm-none-eabi/4.8.4/../../../../arm-none-eabi/lib/armv6-m\libg_s.a(lib_a-signal.o)
                0x00002fdc                raise
 .text._kill_r  0x00002ff0       0x24 c:/freescale/kds_v3/toolchain/bin/../lib/gcc/arm-none-eabi/4.8.4/../../../../arm-none-eabi/lib/armv6-m\libg_s.a(lib_a-signalr.o)
                0x00002ff0                _kill_r
 .text._getpid_r
                0x00003014        0x8 c:/freescale/kds_v3/toolchain/bin/../lib/gcc/arm-none-eabi/4.8.4/../../../../arm-none-eabi/lib/armv6-m\libg_s.a(lib_a-signalr.o)
                0x00003014                _getpid_r
 .text.__sread  0x0000301c       0x28 c:/freescale/kds_v3/toolchain/bin/../lib/gcc/arm-none-eabi/4.8.4/../../../../arm-none-eabi/lib/armv6-m\libg_s.a(lib_a-stdio.o)
                0x0000301c                __sread
 .text.__swrite
                0x00003044       0x38 c:/freescale/kds_v3/toolchain/bin/../lib/gcc/arm-none-eabi/4.8.4/../../../../arm-none-eabi/lib/armv6-m\libg_s.a(lib_a-stdio.o)
                0x00003044                __swrite
 .text.__sseek  0x0000307c       0x2c c:/freescale/kds_v3/toolchain/bin/../lib/gcc/arm-none-eabi/4.8.4/../../../../arm-none-eabi/lib/armv6-m\libg_s.a(lib_a-stdio.o)
                0x0000307c                __sseek
 .text.__sclose
                0x000030a8        0xc c:/freescale/kds_v3/toolchain/bin/../lib/gcc/arm-none-eabi/4.8.4/../../../../arm-none-eabi/lib/armv6-m\libg_s.a(lib_a-stdio.o)
                0x000030a8                __sclose
 .text._write_r
                0x000030b4       0x28 c:/freescale/kds_v3/toolchain/bin/../lib/gcc/arm-none-eabi/4.8.4/../../../../arm-none-eabi/lib/armv6-m\libg_s.a(lib_a-writer.o)
                0x000030b4                _write_r
 .text._close_r
                0x000030dc       0x24 c:/freescale/kds_v3/toolchain/bin/../lib/gcc/arm-none-eabi/4.8.4/../../../../arm-none-eabi/lib/armv6-m\libg_s.a(lib_a-closer.o)
                0x000030dc                _close_r
 .text._fstat_r
                0x00003100       0x24 c:/freescale/kds_v3/toolchain/bin/../lib/gcc/arm-none-eabi/4.8.4/../../../../arm-none-eabi/lib/armv6-m\libg_s.a(lib_a-fstatr.o)
                0x00003100                _fstat_r
 .text._isatty_r
                0x00003124       0x24 c:/freescale/kds_v3/toolchain/bin/../lib/gcc/arm-none-eabi/4.8.4/../../../../arm-none-eabi/lib/armv6-m\libg_s.a(lib_a-isattyr.o)
                0x00003124                _isatty_r
 .text._lseek_r
                0x00003148       0x28 c:/freescale/kds_v3/toolchain/bin/../lib/gcc/arm-none-eabi/4.8.4/../../../../arm-none-eabi/lib/armv6-m\libg_s.a(lib_a-lseekr.o)
                0x00003148                _lseek_r
 .text._read_r  0x00003170       0x28 c:/freescale/kds_v3/toolchain/bin/../lib/gcc/arm-none-eabi/4.8.4/../../../../arm-none-eabi/lib/armv6-m\libg_s.a(lib_a-readr.o)
                0x00003170                _read_r
 .text._close   0x00003198       0x10 c:/freescale/kds_v3/toolchain/bin/../lib/gcc/arm-none-eabi/4.8.4/../../../../arm-none-eabi/lib/armv6-m\libnosys.a(close.o)
                0x00003198                _close
 .text._fstat   0x000031a8       0x10 c:/freescale/kds_v3/toolchain/bin/../lib/gcc/arm-none-eabi/4.8.4/../../../../arm-none-eabi/lib/armv6-m\libnosys.a(fstat.o)
                0x000031a8                _fstat
 .text._getpid  0x000031b8       0x10 c:/freescale/kds_v3/toolchain/bin/../lib/gcc/arm-none-eabi/4.8.4/../../../../arm-none-eabi/lib/armv6-m\libnosys.a(getpid.o)
                0x000031b8                _getpid
 .text._isatty  0x000031c8       0x10 c:/freescale/kds_v3/toolchain/bin/../lib/gcc/arm-none-eabi/4.8.4/../../../../arm-none-eabi/lib/armv6-m\libnosys.a(isatty.o)
                0x000031c8                _isatty
 .text._kill    0x000031d8       0x10 c:/freescale/kds_v3/toolchain/bin/../lib/gcc/arm-none-eabi/4.8.4/../../../../arm-none-eabi/lib/armv6-m\libnosys.a(kill.o)
                0x000031d8                _kill
 .text._lseek   0x000031e8       0x10 c:/freescale/kds_v3/toolchain/bin/../lib/gcc/arm-none-eabi/4.8.4/../../../../arm-none-eabi/lib/armv6-m\libnosys.a(lseek.o)
                0x000031e8                _lseek
 .text._exit    0x000031f8        0x4 c:/freescale/kds_v3/toolchain/bin/../lib/gcc/arm-none-eabi/4.8.4/../../../../arm-none-eabi/lib/armv6-m\libnosys.a(_exit.o)
                0x000031f8                _exit
 *(.rodata)
 .rodata        0x000031fc        0xc ./utilities/fsl_debug_console.o
 .rodata        0x00003208       0x44 ./board/board.o
 .rodata        0x0000324c       0x44 ./board/pin_mux.o
 .rodata        0x00003290      0x22c C:/Freescale/KSDK_1.3.0/lib/ksdk_platform_lib/kds/KL46Z4/debug/libksdk_platform.a(fsl_clock_MKL46Z4.o)
 .rodata        0x000034bc       0xcc C:/Freescale/KSDK_1.3.0/lib/ksdk_platform_lib/kds/KL46Z4/debug/libksdk_platform.a(fsl_clock_manager.o)
 *(.rodata*)
 .rodata.g_defaultClockConfigRun
                0x00003588       0x14 ./board/board.o
                0x00003588                g_defaultClockConfigRun
 .rodata.__func__.5167
                0x0000359c       0x14 ./board/board.o
 .rodata.__func__.5143
                0x000035b0       0x14 ./board/pin_mux.o
 .rodata.portGateTable
                0x000035c4        0x8 C:/Freescale/KSDK_1.3.0/lib/ksdk_platform_lib/kds/KL46Z4/debug/libksdk_platform.a(fsl_clock_MKL46Z4.o)
 .rodata.uartGateTable
                0x000035cc        0x4 C:/Freescale/KSDK_1.3.0/lib/ksdk_platform_lib/kds/KL46Z4/debug/libksdk_platform.a(fsl_clock_MKL46Z4.o)
 .rodata.__func__.6396
                0x000035d0       0x1c C:/Freescale/KSDK_1.3.0/lib/ksdk_platform_lib/kds/KL46Z4/debug/libksdk_platform.a(fsl_clock_MKL46Z4.o)
 .rodata.__func__.6469
                0x000035ec       0x1c C:/Freescale/KSDK_1.3.0/lib/ksdk_platform_lib/kds/KL46Z4/debug/libksdk_platform.a(fsl_clock_MKL46Z4.o)
 .rodata.__func__.6474
                0x00003608       0x1c C:/Freescale/KSDK_1.3.0/lib/ksdk_platform_lib/kds/KL46Z4/debug/libksdk_platform.a(fsl_clock_MKL46Z4.o)
 .rodata.__func__.6697
                0x00003624       0x14 C:/Freescale/KSDK_1.3.0/lib/ksdk_platform_lib/kds/KL46Z4/debug/libksdk_platform.a(fsl_clock_manager.o)
 .rodata.g_oscBase
                0x00003638        0x4 C:/Freescale/KSDK_1.3.0/lib/ksdk_platform_lib/kds/KL46Z4/debug/libksdk_platform.a(fsl_clock_manager_common.o)
                0x00003638                g_oscBase
 .rodata.fllFactorTable.5252
                0x0000363c       0x10 C:/Freescale/KSDK_1.3.0/lib/ksdk_platform_lib/kds/KL46Z4/debug/libksdk_platform.a(fsl_mcg_hal.o)
 .rodata.str1.1
                0x0000364c       0x3c c:/freescale/kds_v3/toolchain/bin/../lib/gcc/arm-none-eabi/4.8.4/../../../../arm-none-eabi/lib/armv6-m\libg_s.a(lib_a-assert.o)
                                 0x3d (size before relaxing)
 .rodata.str1.1
                0x00003688        0x2 c:/freescale/kds_v3/toolchain/bin/../lib/gcc/arm-none-eabi/4.8.4/../../../../arm-none-eabi/lib/armv6-m\libg_s.a(lib_a-impure.o)
 *fill*         0x0000368a        0x2 
 .rodata._global_impure_ptr
                0x0000368c        0x4 c:/freescale/kds_v3/toolchain/bin/../lib/gcc/arm-none-eabi/4.8.4/../../../../arm-none-eabi/lib/armv6-m\libg_s.a(lib_a-impure.o)
                0x0000368c                _global_impure_ptr
 .rodata.str1.1
                0x00003690       0x11 c:/freescale/kds_v3/toolchain/bin/../lib/gcc/arm-none-eabi/4.8.4/../../../../arm-none-eabi/lib/armv6-m\libg_s.a(lib_a-vfprintf.o)
 .rodata.str1.1
                0x000036a1       0x22 c:/freescale/kds_v3/toolchain/bin/../lib/gcc/arm-none-eabi/4.8.4/../../../../arm-none-eabi/lib/armv6-m\libg_s.a(lib_a-vfprintf_i.o)
 *fill*         0x000036c3        0x1 
 .rodata.__sf_fake_stdin
                0x000036c4       0x20 c:/freescale/kds_v3/toolchain/bin/../lib/gcc/arm-none-eabi/4.8.4/../../../../arm-none-eabi/lib/armv6-m\libg_s.a(lib_a-findfp.o)
                0x000036c4                __sf_fake_stdin
 .rodata.__sf_fake_stdout
                0x000036e4       0x20 c:/freescale/kds_v3/toolchain/bin/../lib/gcc/arm-none-eabi/4.8.4/../../../../arm-none-eabi/lib/armv6-m\libg_s.a(lib_a-findfp.o)
                0x000036e4                __sf_fake_stdout
 .rodata.__sf_fake_stderr
                0x00003704       0x20 c:/freescale/kds_v3/toolchain/bin/../lib/gcc/arm-none-eabi/4.8.4/../../../../arm-none-eabi/lib/armv6-m\libg_s.a(lib_a-findfp.o)
                0x00003704                __sf_fake_stderr
 *(.glue_7)
 .glue_7        0x00000000        0x0 linker stubs
 *(.glue_7t)
 .glue_7t       0x00000000        0x0 linker stubs
 *(.eh_frame)
 .eh_frame      0x00003724        0x0 c:/freescale/kds_v3/toolchain/bin/../lib/gcc/arm-none-eabi/4.8.4/armv6-m/crtbegin.o
 *(.init)
 .init          0x00003724        0x4 c:/freescale/kds_v3/toolchain/bin/../lib/gcc/arm-none-eabi/4.8.4/armv6-m/crti.o
                0x00003724                _init
 .init          0x00003728        0x8 c:/freescale/kds_v3/toolchain/bin/../lib/gcc/arm-none-eabi/4.8.4/armv6-m/crtn.o
 *(.fini)
 .fini          0x00003730        0x4 c:/freescale/kds_v3/toolchain/bin/../lib/gcc/arm-none-eabi/4.8.4/armv6-m/crti.o
                0x00003730                _fini
 .fini          0x00003734        0x8 c:/freescale/kds_v3/toolchain/bin/../lib/gcc/arm-none-eabi/4.8.4/armv6-m/crtn.o
                0x0000373c                . = ALIGN (0x4)

.vfp11_veneer   0x0000373c        0x0
 .vfp11_veneer  0x00000000        0x0 linker stubs

.v4_bx          0x0000373c        0x0
 .v4_bx         0x00000000        0x0 linker stubs

.iplt           0x0000373c        0x0
 .iplt          0x00000000        0x0 c:/freescale/kds_v3/toolchain/bin/../lib/gcc/arm-none-eabi/4.8.4/armv6-m/crtbegin.o

.ARM.extab
 *(.ARM.extab* .gnu.linkonce.armextab.*)

.ARM            0x0000373c        0x8
                0x0000373c                __exidx_start = .
 *(.ARM.exidx*)
 .ARM.exidx     0x0000373c        0x8 c:/freescale/kds_v3/toolchain/bin/../lib/gcc/arm-none-eabi/4.8.4/../../../../arm-none-eabi/lib/armv6-m/crt0.o
                0x00003744                __exidx_end = .

.rel.dyn        0x00003744        0x0
 .rel.iplt      0x00000000        0x0 c:/freescale/kds_v3/toolchain/bin/../lib/gcc/arm-none-eabi/4.8.4/armv6-m/crtbegin.o

.ctors          0x00003744        0x0
                0x00003744                __CTOR_LIST__ = .
 *crtbegin.o(.ctors)
 *crtbegin?.o(.ctors)
 *(EXCLUDE_FILE(*crtend.o *crtend?.o) .ctors)
 *(SORT(.ctors.*))
 *(.ctors)
                0x00003744                __CTOR_END__ = .

.dtors          0x00003744        0x0
                0x00003744                __DTOR_LIST__ = .
 *crtbegin.o(.dtors)
 *crtbegin?.o(.dtors)
 *(EXCLUDE_FILE(*crtend.o *crtend?.o) .dtors)
 *(SORT(.dtors.*))
 *(.dtors)
                0x00003744                __DTOR_END__ = .

.preinit_array  0x00003744        0x0
                0x00003744                PROVIDE (__preinit_array_start, .)
 *(.preinit_array*)
                0x00003744                PROVIDE (__preinit_array_end, .)

.init_array     0x00003744        0x4
                0x00003744                PROVIDE (__init_array_start, .)
 *(SORT(.init_array.*))
 *(.init_array*)
 .init_array    0x00003744        0x4 c:/freescale/kds_v3/toolchain/bin/../lib/gcc/arm-none-eabi/4.8.4/armv6-m/crtbegin.o
                0x00003748                PROVIDE (__init_array_end, .)

.fini_array     0x00003748        0x4
                0x00003748                PROVIDE (__fini_array_start, .)
 *(SORT(.fini_array.*))
 *(.fini_array*)
 .fini_array    0x00003748        0x4 c:/freescale/kds_v3/toolchain/bin/../lib/gcc/arm-none-eabi/4.8.4/armv6-m/crtbegin.o
                0x0000374c                PROVIDE (__fini_array_end, .)
                0x0000374c                __etext = .
                0x0000374c                __DATA_ROM = .

.mtb            0x1fffe000        0x0
                0x1fffe000                . = ALIGN (0x8)
                0x1fffe000                _mtb_start = .
 *(.mtb_buf)
                0x1fffe000                . = ALIGN (0x8)
                0x1fffe000                _mtb_end = .

.interrupts_ram
                0x1fffe000        0x0
                0x1fffe000                . = ALIGN (0x4)
                0x1fffe000                __VECTOR_RAM__ = .
                0x1fffe000                __interrupts_ram_start__ = .
 *(.m_interrupts_ram)
                0x1fffe000                . = (. + M_VECTOR_RAM_SIZE)
                0x1fffe000                . = ALIGN (0x4)
                0x1fffe000                __interrupts_ram_end__ = .
                0x00000000                __VECTOR_RAM = DEFINED (__ram_vector_table__)?__VECTOR_RAM__:ORIGIN (m_interrupts)
                0x00000000                __RAM_VECTOR_TABLE_SIZE_BYTES = DEFINED (__ram_vector_table__)?(__interrupts_ram_end__ - __interrupts_ram_start__):0x0

.data           0x1fffe000       0x74 load address 0x0000374c
                0x1fffe000                . = ALIGN (0x4)
                0x1fffe000                __DATA_RAM = .
                0x1fffe000                __data_start__ = .
 *(.data)
 *(.data*)
 .data.SystemCoreClock
                0x1fffe000        0x4 ./Project_Settings/Startup_Code/system_MKL46Z4.o
                0x1fffe000                SystemCoreClock
 .data.g_fastInternalRefClkFreq
                0x1fffe004        0x4 C:/Freescale/KSDK_1.3.0/lib/ksdk_platform_lib/kds/KL46Z4/debug/libksdk_platform.a(fsl_mcg_hal.o)
                0x1fffe004                g_fastInternalRefClkFreq
 .data.g_slowInternalRefClkFreq
                0x1fffe008        0x4 C:/Freescale/KSDK_1.3.0/lib/ksdk_platform_lib/kds/KL46Z4/debug/libksdk_platform.a(fsl_mcg_hal.o)
                0x1fffe008                g_slowInternalRefClkFreq
 .data.impure_data
                0x1fffe00c       0x60 c:/freescale/kds_v3/toolchain/bin/../lib/gcc/arm-none-eabi/4.8.4/../../../../arm-none-eabi/lib/armv6-m\libg_s.a(lib_a-impure.o)
 .data._impure_ptr
                0x1fffe06c        0x4 c:/freescale/kds_v3/toolchain/bin/../lib/gcc/arm-none-eabi/4.8.4/../../../../arm-none-eabi/lib/armv6-m\libg_s.a(lib_a-impure.o)
                0x1fffe06c                _impure_ptr
 *(.jcr*)
 .jcr           0x1fffe070        0x0 c:/freescale/kds_v3/toolchain/bin/../lib/gcc/arm-none-eabi/4.8.4/armv6-m/crtbegin.o
 .jcr           0x1fffe070        0x4 c:/freescale/kds_v3/toolchain/bin/../lib/gcc/arm-none-eabi/4.8.4/armv6-m/crtend.o
                0x1fffe074                . = ALIGN (0x4)
                0x1fffe074                __data_end__ = .
                0x000037c0                __DATA_END = (__DATA_ROM + (__data_end__ - __data_start__))
                0x00040000                text_end = (ORIGIN (m_text) + 0x3fbf0)
                0x00000001                ASSERT ((__DATA_END <= text_end), region m_text overflowed with text and data)

.igot.plt       0x1fffe074        0x0 load address 0x000037c0
 .igot.plt      0x00000000        0x0 c:/freescale/kds_v3/toolchain/bin/../lib/gcc/arm-none-eabi/4.8.4/armv6-m/crtbegin.o

.bss            0x1fffe074       0x40 load address 0x000037c0
                0x1fffe074                . = ALIGN (0x4)
                0x1fffe074                __START_BSS = .
                0x1fffe074                __bss_start__ = .
 *(.bss)
 .bss           0x1fffe074       0x1c c:/freescale/kds_v3/toolchain/bin/../lib/gcc/arm-none-eabi/4.8.4/armv6-m/crtbegin.o
 *(.bss*)
 .bss.s_debugConsole
                0x1fffe090       0x10 ./utilities/fsl_debug_console.o
 .bss.heap_end.5138
                0x1fffe0a0        0x4 ./utilities/fsl_misc_utilities.o
 .bss.g_xtal0ClkFreq
                0x1fffe0a4        0x4 C:/Freescale/KSDK_1.3.0/lib/ksdk_platform_lib/kds/KL46Z4/debug/libksdk_platform.a(fsl_mcg_hal.o)
                0x1fffe0a4                g_xtal0ClkFreq
 .bss.__malloc_sbrk_start
                0x1fffe0a8        0x4 c:/freescale/kds_v3/toolchain/bin/../lib/gcc/arm-none-eabi/4.8.4/../../../../arm-none-eabi/lib/armv6-m\libg_s.a(lib_a-nano-mallocr.o)
                0x1fffe0a8                __malloc_sbrk_start
 .bss.__malloc_free_list
                0x1fffe0ac        0x4 c:/freescale/kds_v3/toolchain/bin/../lib/gcc/arm-none-eabi/4.8.4/../../../../arm-none-eabi/lib/armv6-m\libg_s.a(lib_a-nano-mallocr.o)
                0x1fffe0ac                __malloc_free_list
 *(COMMON)
 COMMON         0x1fffe0b0        0x4 c:/freescale/kds_v3/toolchain/bin/../lib/gcc/arm-none-eabi/4.8.4/../../../../arm-none-eabi/lib/armv6-m\libg_s.a(lib_a-reent.o)
                0x1fffe0b0                errno
                0x1fffe0b4                . = ALIGN (0x4)
                0x1fffe0b4                __bss_end__ = .
                0x1fffe0b4                __END_BSS = .

.heap           0x1fffe0b4      0x404 load address 0x00003800
                0x1fffe0b8                . = ALIGN (0x8)
 *fill*         0x1fffe0b4        0x4 
                0x1fffe0b8                __end__ = .
                0x1fffe0b8                PROVIDE (end, .)
                0x1fffe0b8                __HeapBase = .
                0x1fffe4b8                . = (. + HEAP_SIZE)
 *fill*         0x1fffe0b8      0x400 
                0x1fffe4b8                __HeapLimit = .

.stack          0x1fffe4b8      0x400 load address 0x00003c04
                0x1fffe4b8                . = ALIGN (0x8)
                0x1fffe8b8                . = (. + STACK_SIZE)
 *fill*         0x1fffe4b8      0x400 
                0x20006000                __StackTop = (ORIGIN (m_data) + 0x8000)
                0x20005c00                __StackLimit = (__StackTop - STACK_SIZE)
                0x20006000                PROVIDE (__stack, __StackTop)

.ARM.attributes
                0x00000000       0x28
 *(.ARM.attributes)
 .ARM.attributes
                0x00000000       0x1e c:/freescale/kds_v3/toolchain/bin/../lib/gcc/arm-none-eabi/4.8.4/armv6-m/crti.o
 .ARM.attributes
                0x0000001e       0x2c c:/freescale/kds_v3/toolchain/bin/../lib/gcc/arm-none-eabi/4.8.4/armv6-m/crtbegin.o
 .ARM.attributes
                0x0000004a       0x1b c:/freescale/kds_v3/toolchain/bin/../lib/gcc/arm-none-eabi/4.8.4/../../../../arm-none-eabi/lib/armv6-m/crt0.o
 .ARM.attributes
                0x00000065       0x32 ./utilities/fsl_debug_console.o
 .ARM.attributes
                0x00000097       0x32 ./utilities/fsl_misc_utilities.o
 .ARM.attributes
                0x000000c9       0x32 ./board/board.o
 .ARM.attributes
                0x000000fb       0x32 ./board/hardware_init.o
 .ARM.attributes
                0x0000012d       0x32 ./board/pin_mux.o
 .ARM.attributes
                0x0000015f       0x32 ./Sources/main.o
 .ARM.attributes
                0x00000191       0x32 ./Project_Settings/Startup_Code/startup.o
 .ARM.attributes
                0x000001c3       0x1b ./Project_Settings/Startup_Code/startup_MKL46Z4.o
 .ARM.attributes
                0x000001de       0x32 ./Project_Settings/Startup_Code/system_MKL46Z4.o
 .ARM.attributes
                0x00000210       0x32 C:/Freescale/KSDK_1.3.0/lib/ksdk_platform_lib/kds/KL46Z4/debug/libksdk_platform.a(fsl_uart_hal.o)
 .ARM.attributes
                0x00000242       0x32 C:/Freescale/KSDK_1.3.0/lib/ksdk_platform_lib/kds/KL46Z4/debug/libksdk_platform.a(fsl_lpsci_hal.o)
 .ARM.attributes
                0x00000274       0x32 C:/Freescale/KSDK_1.3.0/lib/ksdk_platform_lib/kds/KL46Z4/debug/libksdk_platform.a(fsl_clock_MKL46Z4.o)
 .ARM.attributes
                0x000002a6       0x32 C:/Freescale/KSDK_1.3.0/lib/ksdk_platform_lib/kds/KL46Z4/debug/libksdk_platform.a(fsl_clock_manager.o)
 .ARM.attributes
                0x000002d8       0x32 C:/Freescale/KSDK_1.3.0/lib/ksdk_platform_lib/kds/KL46Z4/debug/libksdk_platform.a(fsl_clock_manager_common.o)
 .ARM.attributes
                0x0000030a       0x32 C:/Freescale/KSDK_1.3.0/lib/ksdk_platform_lib/kds/KL46Z4/debug/libksdk_platform.a(fsl_sim_hal_MKL46Z4.o)
 .ARM.attributes
                0x0000033c       0x32 C:/Freescale/KSDK_1.3.0/lib/ksdk_platform_lib/kds/KL46Z4/debug/libksdk_platform.a(fsl_osc_hal.o)
 .ARM.attributes
                0x0000036e       0x32 C:/Freescale/KSDK_1.3.0/lib/ksdk_platform_lib/kds/KL46Z4/debug/libksdk_platform.a(fsl_mcg_hal.o)
 .ARM.attributes
                0x000003a0       0x32 C:/Freescale/KSDK_1.3.0/lib/ksdk_platform_lib/kds/KL46Z4/debug/libksdk_platform.a(fsl_mcg_hal_modes.o)
 .ARM.attributes
                0x000003d2       0x1e c:/freescale/kds_v3/toolchain/bin/../lib/gcc/arm-none-eabi/4.8.4/armv6-m\libgcc.a(_udivsi3.o)
 .ARM.attributes
                0x000003f0       0x1e c:/freescale/kds_v3/toolchain/bin/../lib/gcc/arm-none-eabi/4.8.4/armv6-m\libgcc.a(_dvmd_tls.o)
 .ARM.attributes
                0x0000040e       0x2c c:/freescale/kds_v3/toolchain/bin/../lib/gcc/arm-none-eabi/4.8.4/../../../../arm-none-eabi/lib/armv6-m\libg_s.a(lib_a-assert.o)
 .ARM.attributes
                0x0000043a       0x2c c:/freescale/kds_v3/toolchain/bin/../lib/gcc/arm-none-eabi/4.8.4/../../../../arm-none-eabi/lib/armv6-m\libg_s.a(lib_a-errno.o)
 .ARM.attributes
                0x00000466       0x2c c:/freescale/kds_v3/toolchain/bin/../lib/gcc/arm-none-eabi/4.8.4/../../../../arm-none-eabi/lib/armv6-m\libg_s.a(lib_a-exit.o)
 .ARM.attributes
                0x00000492       0x2c c:/freescale/kds_v3/toolchain/bin/../lib/gcc/arm-none-eabi/4.8.4/../../../../arm-none-eabi/lib/armv6-m\libg_s.a(lib_a-fprintf.o)
 .ARM.attributes
                0x000004be       0x2c c:/freescale/kds_v3/toolchain/bin/../lib/gcc/arm-none-eabi/4.8.4/../../../../arm-none-eabi/lib/armv6-m\libg_s.a(lib_a-impure.o)
 .ARM.attributes
                0x000004ea       0x2c c:/freescale/kds_v3/toolchain/bin/../lib/gcc/arm-none-eabi/4.8.4/../../../../arm-none-eabi/lib/armv6-m\libg_s.a(lib_a-init.o)
 .ARM.attributes
                0x00000516       0x2c c:/freescale/kds_v3/toolchain/bin/../lib/gcc/arm-none-eabi/4.8.4/../../../../arm-none-eabi/lib/armv6-m\libg_s.a(lib_a-memset.o)
 .ARM.attributes
                0x00000542       0x2c c:/freescale/kds_v3/toolchain/bin/../lib/gcc/arm-none-eabi/4.8.4/../../../../arm-none-eabi/lib/armv6-m\libg_s.a(lib_a-nano-freer.o)
 .ARM.attributes
                0x0000056e       0x2c c:/freescale/kds_v3/toolchain/bin/../lib/gcc/arm-none-eabi/4.8.4/../../../../arm-none-eabi/lib/armv6-m\libg_s.a(lib_a-nano-mallocr.o)
 .ARM.attributes
                0x0000059a       0x2c c:/freescale/kds_v3/toolchain/bin/../lib/gcc/arm-none-eabi/4.8.4/../../../../arm-none-eabi/lib/armv6-m\libg_s.a(lib_a-sbrkr.o)
 .ARM.attributes
                0x000005c6       0x2c c:/freescale/kds_v3/toolchain/bin/../lib/gcc/arm-none-eabi/4.8.4/../../../../arm-none-eabi/lib/armv6-m\libg_s.a(lib_a-strlen.o)
 .ARM.attributes
                0x000005f2       0x2c c:/freescale/kds_v3/toolchain/bin/../lib/gcc/arm-none-eabi/4.8.4/../../../../arm-none-eabi/lib/armv6-m\libg_s.a(lib_a-vfprintf.o)
 .ARM.attributes
                0x0000061e       0x2c c:/freescale/kds_v3/toolchain/bin/../lib/gcc/arm-none-eabi/4.8.4/../../../../arm-none-eabi/lib/armv6-m\libg_s.a(lib_a-vfprintf_i.o)
 .ARM.attributes
                0x0000064a       0x2c c:/freescale/kds_v3/toolchain/bin/../lib/gcc/arm-none-eabi/4.8.4/../../../../arm-none-eabi/lib/armv6-m\libg_s.a(lib_a-wbuf.o)
 .ARM.attributes
                0x00000676       0x2c c:/freescale/kds_v3/toolchain/bin/../lib/gcc/arm-none-eabi/4.8.4/../../../../arm-none-eabi/lib/armv6-m\libg_s.a(lib_a-wsetup.o)
 .ARM.attributes
                0x000006a2       0x2c c:/freescale/kds_v3/toolchain/bin/../lib/gcc/arm-none-eabi/4.8.4/../../../../arm-none-eabi/lib/armv6-m\libg_s.a(lib_a-abort.o)
 .ARM.attributes
                0x000006ce       0x2c c:/freescale/kds_v3/toolchain/bin/../lib/gcc/arm-none-eabi/4.8.4/../../../../arm-none-eabi/lib/armv6-m\libg_s.a(lib_a-fflush.o)
 .ARM.attributes
                0x000006fa       0x2c c:/freescale/kds_v3/toolchain/bin/../lib/gcc/arm-none-eabi/4.8.4/../../../../arm-none-eabi/lib/armv6-m\libg_s.a(lib_a-findfp.o)
 .ARM.attributes
                0x00000726       0x2c c:/freescale/kds_v3/toolchain/bin/../lib/gcc/arm-none-eabi/4.8.4/../../../../arm-none-eabi/lib/armv6-m\libg_s.a(lib_a-makebuf.o)
 .ARM.attributes
                0x00000752       0x2c c:/freescale/kds_v3/toolchain/bin/../lib/gcc/arm-none-eabi/4.8.4/../../../../arm-none-eabi/lib/armv6-m\libg_s.a(lib_a-memchr-stub.o)
 .ARM.attributes
                0x0000077e       0x2c c:/freescale/kds_v3/toolchain/bin/../lib/gcc/arm-none-eabi/4.8.4/../../../../arm-none-eabi/lib/armv6-m\libg_s.a(lib_a-reent.o)
 .ARM.attributes
                0x000007aa       0x2c c:/freescale/kds_v3/toolchain/bin/../lib/gcc/arm-none-eabi/4.8.4/../../../../arm-none-eabi/lib/armv6-m\libg_s.a(lib_a-signal.o)
 .ARM.attributes
                0x000007d6       0x2c c:/freescale/kds_v3/toolchain/bin/../lib/gcc/arm-none-eabi/4.8.4/../../../../arm-none-eabi/lib/armv6-m\libg_s.a(lib_a-signalr.o)
 .ARM.attributes
                0x00000802       0x2c c:/freescale/kds_v3/toolchain/bin/../lib/gcc/arm-none-eabi/4.8.4/../../../../arm-none-eabi/lib/armv6-m\libg_s.a(lib_a-stdio.o)
 .ARM.attributes
                0x0000082e       0x2c c:/freescale/kds_v3/toolchain/bin/../lib/gcc/arm-none-eabi/4.8.4/../../../../arm-none-eabi/lib/armv6-m\libg_s.a(lib_a-writer.o)
 .ARM.attributes
                0x0000085a       0x2c c:/freescale/kds_v3/toolchain/bin/../lib/gcc/arm-none-eabi/4.8.4/../../../../arm-none-eabi/lib/armv6-m\libg_s.a(lib_a-closer.o)
 .ARM.attributes
                0x00000886       0x2c c:/freescale/kds_v3/toolchain/bin/../lib/gcc/arm-none-eabi/4.8.4/../../../../arm-none-eabi/lib/armv6-m\libg_s.a(lib_a-fstatr.o)
 .ARM.attributes
                0x000008b2       0x2c c:/freescale/kds_v3/toolchain/bin/../lib/gcc/arm-none-eabi/4.8.4/../../../../arm-none-eabi/lib/armv6-m\libg_s.a(lib_a-isattyr.o)
 .ARM.attributes
                0x000008de       0x2c c:/freescale/kds_v3/toolchain/bin/../lib/gcc/arm-none-eabi/4.8.4/../../../../arm-none-eabi/lib/armv6-m\libg_s.a(lib_a-lseekr.o)
 .ARM.attributes
                0x0000090a       0x2c c:/freescale/kds_v3/toolchain/bin/../lib/gcc/arm-none-eabi/4.8.4/../../../../arm-none-eabi/lib/armv6-m\libg_s.a(lib_a-readr.o)
 .ARM.attributes
                0x00000936       0x2c c:/freescale/kds_v3/toolchain/bin/../lib/gcc/arm-none-eabi/4.8.4/../../../../arm-none-eabi/lib/armv6-m\libnosys.a(close.o)
 .ARM.attributes
                0x00000962       0x2c c:/freescale/kds_v3/toolchain/bin/../lib/gcc/arm-none-eabi/4.8.4/../../../../arm-none-eabi/lib/armv6-m\libnosys.a(fstat.o)
 .ARM.attributes
                0x0000098e       0x2c c:/freescale/kds_v3/toolchain/bin/../lib/gcc/arm-none-eabi/4.8.4/../../../../arm-none-eabi/lib/armv6-m\libnosys.a(getpid.o)
 .ARM.attributes
                0x000009ba       0x2c c:/freescale/kds_v3/toolchain/bin/../lib/gcc/arm-none-eabi/4.8.4/../../../../arm-none-eabi/lib/armv6-m\libnosys.a(isatty.o)
 .ARM.attributes
                0x000009e6       0x2c c:/freescale/kds_v3/toolchain/bin/../lib/gcc/arm-none-eabi/4.8.4/../../../../arm-none-eabi/lib/armv6-m\libnosys.a(kill.o)
 .ARM.attributes
                0x00000a12       0x2c c:/freescale/kds_v3/toolchain/bin/../lib/gcc/arm-none-eabi/4.8.4/../../../../arm-none-eabi/lib/armv6-m\libnosys.a(lseek.o)
 .ARM.attributes
                0x00000a3e       0x2c c:/freescale/kds_v3/toolchain/bin/../lib/gcc/arm-none-eabi/4.8.4/../../../../arm-none-eabi/lib/armv6-m\libnosys.a(_exit.o)
 .ARM.attributes
                0x00000a6a       0x2c c:/freescale/kds_v3/toolchain/bin/../lib/gcc/arm-none-eabi/4.8.4/armv6-m/crtend.o
 .ARM.attributes
                0x00000a96       0x1e c:/freescale/kds_v3/toolchain/bin/../lib/gcc/arm-none-eabi/4.8.4/armv6-m/crtn.o
                0x00000001                ASSERT ((__StackLimit >= __HeapLimit), region m_data overflowed with stack and heap)
OUTPUT(Template Project (Rename Me!).elf elf32-littlearm)

.debug_info     0x00000000     0x8c17
 .debug_info    0x00000000      0xa71 ./utilities/fsl_debug_console.o
 .debug_info    0x00000a71      0x172 ./utilities/fsl_misc_utilities.o
 .debug_info    0x00000be3      0xa73 ./board/board.o
 .debug_info    0x00001656       0xe2 ./board/hardware_init.o
 .debug_info    0x00001738      0x4e6 ./board/pin_mux.o
 .debug_info    0x00001c1e      0x601 ./Sources/main.o
 .debug_info    0x0000221f      0x296 ./Project_Settings/Startup_Code/startup.o
 .debug_info    0x000024b5       0x88 ./Project_Settings/Startup_Code/startup_MKL46Z4.o
 .debug_info    0x0000253d      0x3f5 ./Project_Settings/Startup_Code/system_MKL46Z4.o
 .debug_info    0x00002932      0x80e C:/Freescale/KSDK_1.3.0/lib/ksdk_platform_lib/kds/KL46Z4/debug/libksdk_platform.a(fsl_uart_hal.o)
 .debug_info    0x00003140      0x917 C:/Freescale/KSDK_1.3.0/lib/ksdk_platform_lib/kds/KL46Z4/debug/libksdk_platform.a(fsl_lpsci_hal.o)
 .debug_info    0x00003a57     0x1829 C:/Freescale/KSDK_1.3.0/lib/ksdk_platform_lib/kds/KL46Z4/debug/libksdk_platform.a(fsl_clock_MKL46Z4.o)
 .debug_info    0x00005280     0x1693 C:/Freescale/KSDK_1.3.0/lib/ksdk_platform_lib/kds/KL46Z4/debug/libksdk_platform.a(fsl_clock_manager.o)
 .debug_info    0x00006913      0x449 C:/Freescale/KSDK_1.3.0/lib/ksdk_platform_lib/kds/KL46Z4/debug/libksdk_platform.a(fsl_clock_manager_common.o)
 .debug_info    0x00006d5c      0x957 C:/Freescale/KSDK_1.3.0/lib/ksdk_platform_lib/kds/KL46Z4/debug/libksdk_platform.a(fsl_sim_hal_MKL46Z4.o)
 .debug_info    0x000076b3       0xef C:/Freescale/KSDK_1.3.0/lib/ksdk_platform_lib/kds/KL46Z4/debug/libksdk_platform.a(fsl_osc_hal.o)
 .debug_info    0x000077a2      0xc24 C:/Freescale/KSDK_1.3.0/lib/ksdk_platform_lib/kds/KL46Z4/debug/libksdk_platform.a(fsl_mcg_hal.o)
 .debug_info    0x000083c6      0x851 C:/Freescale/KSDK_1.3.0/lib/ksdk_platform_lib/kds/KL46Z4/debug/libksdk_platform.a(fsl_mcg_hal_modes.o)

.debug_abbrev   0x00000000     0x1a94
 .debug_abbrev  0x00000000      0x23a ./utilities/fsl_debug_console.o
 .debug_abbrev  0x0000023a       0xc4 ./utilities/fsl_misc_utilities.o
 .debug_abbrev  0x000002fe      0x256 ./board/board.o
 .debug_abbrev  0x00000554       0x75 ./board/hardware_init.o
 .debug_abbrev  0x000005c9      0x128 ./board/pin_mux.o
 .debug_abbrev  0x000006f1      0x11a ./Sources/main.o
 .debug_abbrev  0x0000080b       0xe9 ./Project_Settings/Startup_Code/startup.o
 .debug_abbrev  0x000008f4       0x14 ./Project_Settings/Startup_Code/startup_MKL46Z4.o
 .debug_abbrev  0x00000908      0x109 ./Project_Settings/Startup_Code/system_MKL46Z4.o
 .debug_abbrev  0x00000a11      0x1eb C:/Freescale/KSDK_1.3.0/lib/ksdk_platform_lib/kds/KL46Z4/debug/libksdk_platform.a(fsl_uart_hal.o)
 .debug_abbrev  0x00000bfc      0x20e C:/Freescale/KSDK_1.3.0/lib/ksdk_platform_lib/kds/KL46Z4/debug/libksdk_platform.a(fsl_lpsci_hal.o)
 .debug_abbrev  0x00000e0a      0x2fe C:/Freescale/KSDK_1.3.0/lib/ksdk_platform_lib/kds/KL46Z4/debug/libksdk_platform.a(fsl_clock_MKL46Z4.o)
 .debug_abbrev  0x00001108      0x2a9 C:/Freescale/KSDK_1.3.0/lib/ksdk_platform_lib/kds/KL46Z4/debug/libksdk_platform.a(fsl_clock_manager.o)
 .debug_abbrev  0x000013b1       0xdb C:/Freescale/KSDK_1.3.0/lib/ksdk_platform_lib/kds/KL46Z4/debug/libksdk_platform.a(fsl_clock_manager_common.o)
 .debug_abbrev  0x0000148c      0x197 C:/Freescale/KSDK_1.3.0/lib/ksdk_platform_lib/kds/KL46Z4/debug/libksdk_platform.a(fsl_sim_hal_MKL46Z4.o)
 .debug_abbrev  0x00001623       0x99 C:/Freescale/KSDK_1.3.0/lib/ksdk_platform_lib/kds/KL46Z4/debug/libksdk_platform.a(fsl_osc_hal.o)
 .debug_abbrev  0x000016bc      0x234 C:/Freescale/KSDK_1.3.0/lib/ksdk_platform_lib/kds/KL46Z4/debug/libksdk_platform.a(fsl_mcg_hal.o)
 .debug_abbrev  0x000018f0      0x1a4 C:/Freescale/KSDK_1.3.0/lib/ksdk_platform_lib/kds/KL46Z4/debug/libksdk_platform.a(fsl_mcg_hal_modes.o)

.debug_aranges  0x00000000      0x9a8
 .debug_aranges
                0x00000000       0xa0 ./utilities/fsl_debug_console.o
 .debug_aranges
                0x000000a0       0x28 ./utilities/fsl_misc_utilities.o
 .debug_aranges
                0x000000c8       0x70 ./board/board.o
 .debug_aranges
                0x00000138       0x20 ./board/hardware_init.o
 .debug_aranges
                0x00000158       0x98 ./board/pin_mux.o
 .debug_aranges
                0x000001f0       0x20 ./Sources/main.o
 .debug_aranges
                0x00000210       0x20 ./Project_Settings/Startup_Code/startup.o
 .debug_aranges
                0x00000230       0x20 ./Project_Settings/Startup_Code/startup_MKL46Z4.o
 .debug_aranges
                0x00000250       0x28 ./Project_Settings/Startup_Code/system_MKL46Z4.o
 .debug_aranges
                0x00000278       0xb0 C:/Freescale/KSDK_1.3.0/lib/ksdk_platform_lib/kds/KL46Z4/debug/libksdk_platform.a(fsl_uart_hal.o)
 .debug_aranges
                0x00000328       0xc8 C:/Freescale/KSDK_1.3.0/lib/ksdk_platform_lib/kds/KL46Z4/debug/libksdk_platform.a(fsl_lpsci_hal.o)
 .debug_aranges
                0x000003f0      0x218 C:/Freescale/KSDK_1.3.0/lib/ksdk_platform_lib/kds/KL46Z4/debug/libksdk_platform.a(fsl_clock_MKL46Z4.o)
 .debug_aranges
                0x00000608      0x150 C:/Freescale/KSDK_1.3.0/lib/ksdk_platform_lib/kds/KL46Z4/debug/libksdk_platform.a(fsl_clock_manager.o)
 .debug_aranges
                0x00000758       0x18 C:/Freescale/KSDK_1.3.0/lib/ksdk_platform_lib/kds/KL46Z4/debug/libksdk_platform.a(fsl_clock_manager_common.o)
 .debug_aranges
                0x00000770       0x90 C:/Freescale/KSDK_1.3.0/lib/ksdk_platform_lib/kds/KL46Z4/debug/libksdk_platform.a(fsl_sim_hal_MKL46Z4.o)
 .debug_aranges
                0x00000800       0x20 C:/Freescale/KSDK_1.3.0/lib/ksdk_platform_lib/kds/KL46Z4/debug/libksdk_platform.a(fsl_osc_hal.o)
 .debug_aranges
                0x00000820       0xf0 C:/Freescale/KSDK_1.3.0/lib/ksdk_platform_lib/kds/KL46Z4/debug/libksdk_platform.a(fsl_mcg_hal.o)
 .debug_aranges
                0x00000910       0x98 C:/Freescale/KSDK_1.3.0/lib/ksdk_platform_lib/kds/KL46Z4/debug/libksdk_platform.a(fsl_mcg_hal_modes.o)

.debug_ranges   0x00000000      0x870
 .debug_ranges  0x00000000       0x90 ./utilities/fsl_debug_console.o
 .debug_ranges  0x00000090       0x18 ./utilities/fsl_misc_utilities.o
 .debug_ranges  0x000000a8       0x60 ./board/board.o
 .debug_ranges  0x00000108       0x10 ./board/hardware_init.o
 .debug_ranges  0x00000118       0x88 ./board/pin_mux.o
 .debug_ranges  0x000001a0       0x10 ./Sources/main.o
 .debug_ranges  0x000001b0       0x10 ./Project_Settings/Startup_Code/startup.o
 .debug_ranges  0x000001c0       0x18 ./Project_Settings/Startup_Code/system_MKL46Z4.o
 .debug_ranges  0x000001d8       0xa0 C:/Freescale/KSDK_1.3.0/lib/ksdk_platform_lib/kds/KL46Z4/debug/libksdk_platform.a(fsl_uart_hal.o)
 .debug_ranges  0x00000278       0xb8 C:/Freescale/KSDK_1.3.0/lib/ksdk_platform_lib/kds/KL46Z4/debug/libksdk_platform.a(fsl_lpsci_hal.o)
 .debug_ranges  0x00000330      0x208 C:/Freescale/KSDK_1.3.0/lib/ksdk_platform_lib/kds/KL46Z4/debug/libksdk_platform.a(fsl_clock_MKL46Z4.o)
 .debug_ranges  0x00000538      0x140 C:/Freescale/KSDK_1.3.0/lib/ksdk_platform_lib/kds/KL46Z4/debug/libksdk_platform.a(fsl_clock_manager.o)
 .debug_ranges  0x00000678       0x80 C:/Freescale/KSDK_1.3.0/lib/ksdk_platform_lib/kds/KL46Z4/debug/libksdk_platform.a(fsl_sim_hal_MKL46Z4.o)
 .debug_ranges  0x000006f8       0x10 C:/Freescale/KSDK_1.3.0/lib/ksdk_platform_lib/kds/KL46Z4/debug/libksdk_platform.a(fsl_osc_hal.o)
 .debug_ranges  0x00000708       0xe0 C:/Freescale/KSDK_1.3.0/lib/ksdk_platform_lib/kds/KL46Z4/debug/libksdk_platform.a(fsl_mcg_hal.o)
 .debug_ranges  0x000007e8       0x88 C:/Freescale/KSDK_1.3.0/lib/ksdk_platform_lib/kds/KL46Z4/debug/libksdk_platform.a(fsl_mcg_hal_modes.o)

.debug_macro    0x00000000    0x1e678
 .debug_macro   0x00000000      0x2c7 ./utilities/fsl_debug_console.o
 .debug_macro   0x000002c7      0x820 ./utilities/fsl_debug_console.o
 .debug_macro   0x00000ae7       0x58 ./utilities/fsl_debug_console.o
 .debug_macro   0x00000b3f       0x58 ./utilities/fsl_debug_console.o
 .debug_macro   0x00000b97       0x16 ./utilities/fsl_debug_console.o
 .debug_macro   0x00000bad       0x35 ./utilities/fsl_debug_console.o
 .debug_macro   0x00000be2       0xa3 ./utilities/fsl_debug_console.o
 .debug_macro   0x00000c85       0x16 ./utilities/fsl_debug_console.o
 .debug_macro   0x00000c9b       0x97 ./utilities/fsl_debug_console.o
 .debug_macro   0x00000d32       0xef ./utilities/fsl_debug_console.o
 .debug_macro   0x00000e21       0x4a ./utilities/fsl_debug_console.o
 .debug_macro   0x00000e6b       0x52 ./utilities/fsl_debug_console.o
 .debug_macro   0x00000ebd       0x16 ./utilities/fsl_debug_console.o
 .debug_macro   0x00000ed3       0x43 ./utilities/fsl_debug_console.o
 .debug_macro   0x00000f16      0x180 ./utilities/fsl_debug_console.o
 .debug_macro   0x00001096       0x10 ./utilities/fsl_debug_console.o
 .debug_macro   0x000010a6       0x22 ./utilities/fsl_debug_console.o
 .debug_macro   0x000010c8       0xbd ./utilities/fsl_debug_console.o
 .debug_macro   0x00001185       0x16 ./utilities/fsl_debug_console.o
 .debug_macro   0x0000119b      0x14a ./utilities/fsl_debug_console.o
 .debug_macro   0x000012e5       0x16 ./utilities/fsl_debug_console.o
 .debug_macro   0x000012fb       0x35 ./utilities/fsl_debug_console.o
 .debug_macro   0x00001330       0x22 ./utilities/fsl_debug_console.o
 .debug_macro   0x00001352       0x11 ./utilities/fsl_debug_console.o
 .debug_macro   0x00001363       0x16 ./utilities/fsl_debug_console.o
 .debug_macro   0x00001379      0x20f ./utilities/fsl_debug_console.o
 .debug_macro   0x00001588       0x3a ./utilities/fsl_debug_console.o
 .debug_macro   0x000015c2       0x3a ./utilities/fsl_debug_console.o
 .debug_macro   0x000015fc       0x26 ./utilities/fsl_debug_console.o
 .debug_macro   0x00001622      0x306 ./utilities/fsl_debug_console.o
 .debug_macro   0x00001928       0x6b ./utilities/fsl_debug_console.o
 .debug_macro   0x00001993     0xd1e1 ./utilities/fsl_debug_console.o
 .debug_macro   0x0000eb74       0x82 ./utilities/fsl_debug_console.o
 .debug_macro   0x0000ebf6     0xcfd0 ./utilities/fsl_debug_console.o
 .debug_macro   0x0001bbc6     0x1177 ./utilities/fsl_debug_console.o
 .debug_macro   0x0001cd3d       0x22 ./utilities/fsl_debug_console.o
 .debug_macro   0x0001cd5f       0x44 ./utilities/fsl_debug_console.o
 .debug_macro   0x0001cda3       0x22 ./utilities/fsl_debug_console.o
 .debug_macro   0x0001cdc5       0x16 ./utilities/fsl_debug_console.o
 .debug_macro   0x0001cddb       0x10 ./utilities/fsl_debug_console.o
 .debug_macro   0x0001cdeb       0x11 ./utilities/fsl_debug_console.o
 .debug_macro   0x0001cdfc       0x10 ./utilities/fsl_debug_console.o
 .debug_macro   0x0001ce0c      0x2a6 ./utilities/fsl_debug_console.o
 .debug_macro   0x0001d0b2       0x10 ./utilities/fsl_debug_console.o
 .debug_macro   0x0001d0c2      0x17b ./utilities/fsl_misc_utilities.o
 .debug_macro   0x0001d23d       0x2e ./utilities/fsl_misc_utilities.o
 .debug_macro   0x0001d26b       0x10 ./utilities/fsl_misc_utilities.o
 .debug_macro   0x0001d27b      0x241 ./utilities/fsl_misc_utilities.o
 .debug_macro   0x0001d4bc      0x270 ./board/board.o
 .debug_macro   0x0001d72c       0x44 ./board/board.o
 .debug_macro   0x0001d770      0x209 ./board/board.o
 .debug_macro   0x0001d979      0x10e ./board/board.o
 .debug_macro   0x0001da87       0x7f ./board/board.o
 .debug_macro   0x0001db06       0x4c ./board/board.o
 .debug_macro   0x0001db52       0x22 ./board/board.o
 .debug_macro   0x0001db74      0x205 ./board/board.o
 .debug_macro   0x0001dd79       0x10 ./board/board.o
 .debug_macro   0x0001dd89      0x25d ./board/hardware_init.o
 .debug_macro   0x0001dfe6      0x183 ./board/pin_mux.o
 .debug_macro   0x0001e169       0x7c ./board/pin_mux.o
 .debug_macro   0x0001e1e5      0x1d4 ./Sources/main.o
 .debug_macro   0x0001e3b9      0x167 ./Project_Settings/Startup_Code/startup.o
 .debug_macro   0x0001e520      0x158 ./Project_Settings/Startup_Code/system_MKL46Z4.o

.debug_line     0x00000000     0x4e68
 .debug_line    0x00000000      0x7bf ./utilities/fsl_debug_console.o
 .debug_line    0x000007bf      0x329 ./utilities/fsl_misc_utilities.o
 .debug_line    0x00000ae8      0x6c8 ./board/board.o
 .debug_line    0x000011b0      0x5e0 ./board/hardware_init.o
 .debug_line    0x00001790      0x53a ./board/pin_mux.o
 .debug_line    0x00001cca      0x515 ./Sources/main.o
 .debug_line    0x000021df      0x36d ./Project_Settings/Startup_Code/startup.o
 .debug_line    0x0000254c       0x6c ./Project_Settings/Startup_Code/startup_MKL46Z4.o
 .debug_line    0x000025b8      0x38e ./Project_Settings/Startup_Code/system_MKL46Z4.o
 .debug_line    0x00002946      0x386 C:/Freescale/KSDK_1.3.0/lib/ksdk_platform_lib/kds/KL46Z4/debug/libksdk_platform.a(fsl_uart_hal.o)
 .debug_line    0x00002ccc      0x3d0 C:/Freescale/KSDK_1.3.0/lib/ksdk_platform_lib/kds/KL46Z4/debug/libksdk_platform.a(fsl_lpsci_hal.o)
 .debug_line    0x0000309c      0x8b2 C:/Freescale/KSDK_1.3.0/lib/ksdk_platform_lib/kds/KL46Z4/debug/libksdk_platform.a(fsl_clock_MKL46Z4.o)
 .debug_line    0x0000394e      0x76d C:/Freescale/KSDK_1.3.0/lib/ksdk_platform_lib/kds/KL46Z4/debug/libksdk_platform.a(fsl_clock_manager.o)
 .debug_line    0x000040bb      0x14b C:/Freescale/KSDK_1.3.0/lib/ksdk_platform_lib/kds/KL46Z4/debug/libksdk_platform.a(fsl_clock_manager_common.o)
 .debug_line    0x00004206      0x362 C:/Freescale/KSDK_1.3.0/lib/ksdk_platform_lib/kds/KL46Z4/debug/libksdk_platform.a(fsl_sim_hal_MKL46Z4.o)
 .debug_line    0x00004568       0xfb C:/Freescale/KSDK_1.3.0/lib/ksdk_platform_lib/kds/KL46Z4/debug/libksdk_platform.a(fsl_osc_hal.o)
 .debug_line    0x00004663      0x455 C:/Freescale/KSDK_1.3.0/lib/ksdk_platform_lib/kds/KL46Z4/debug/libksdk_platform.a(fsl_mcg_hal.o)
 .debug_line    0x00004ab8      0x3b0 C:/Freescale/KSDK_1.3.0/lib/ksdk_platform_lib/kds/KL46Z4/debug/libksdk_platform.a(fsl_mcg_hal_modes.o)

.debug_str      0x00000000   0x1190ff
 .debug_str     0x00000000   0x1141d1 ./utilities/fsl_debug_console.o
                             0x11476b (size before relaxing)
 .debug_str     0x001141d1      0x6a7 ./utilities/fsl_misc_utilities.o
                               0x58ea (size before relaxing)
 .debug_str     0x00114878     0x12bb ./board/board.o
                             0x11371f (size before relaxing)
 .debug_str     0x00115b33       0x27 ./board/hardware_init.o
                             0x112de2 (size before relaxing)
 .debug_str     0x00115b5a      0x1a2 ./board/pin_mux.o
                             0x1121cd (size before relaxing)
 .debug_str     0x00115cfc       0xc7 ./Sources/main.o
                             0x112e51 (size before relaxing)
 .debug_str     0x00115dc3      0x12f ./Project_Settings/Startup_Code/startup.o
                             0x111f8e (size before relaxing)
 .debug_str     0x00115ef2       0x87 ./Project_Settings/Startup_Code/system_MKL46Z4.o
                             0x111fd5 (size before relaxing)
 .debug_str     0x00115f79      0x60f C:/Freescale/KSDK_1.3.0/lib/ksdk_platform_lib/kds/KL46Z4/debug/libksdk_platform.a(fsl_uart_hal.o)
                                0x90b (size before relaxing)
 .debug_str     0x00116588      0x534 C:/Freescale/KSDK_1.3.0/lib/ksdk_platform_lib/kds/KL46Z4/debug/libksdk_platform.a(fsl_lpsci_hal.o)
                                0xa11 (size before relaxing)
 .debug_str     0x00116abc      0xe52 C:/Freescale/KSDK_1.3.0/lib/ksdk_platform_lib/kds/KL46Z4/debug/libksdk_platform.a(fsl_clock_MKL46Z4.o)
                               0x15a4 (size before relaxing)
 .debug_str     0x0011790e      0xbb3 C:/Freescale/KSDK_1.3.0/lib/ksdk_platform_lib/kds/KL46Z4/debug/libksdk_platform.a(fsl_clock_manager.o)
                               0x1713 (size before relaxing)
 .debug_str     0x001184c1       0x61 C:/Freescale/KSDK_1.3.0/lib/ksdk_platform_lib/kds/KL46Z4/debug/libksdk_platform.a(fsl_clock_manager_common.o)
                                0x34e (size before relaxing)
 .debug_str     0x00118522      0x44f C:/Freescale/KSDK_1.3.0/lib/ksdk_platform_lib/kds/KL46Z4/debug/libksdk_platform.a(fsl_sim_hal_MKL46Z4.o)
                                0x778 (size before relaxing)
 .debug_str     0x00118971       0x58 C:/Freescale/KSDK_1.3.0/lib/ksdk_platform_lib/kds/KL46Z4/debug/libksdk_platform.a(fsl_osc_hal.o)
                                0x233 (size before relaxing)
 .debug_str     0x001189c9      0x5d1 C:/Freescale/KSDK_1.3.0/lib/ksdk_platform_lib/kds/KL46Z4/debug/libksdk_platform.a(fsl_mcg_hal.o)
                                0xb66 (size before relaxing)
 .debug_str     0x00118f9a      0x165 C:/Freescale/KSDK_1.3.0/lib/ksdk_platform_lib/kds/KL46Z4/debug/libksdk_platform.a(fsl_mcg_hal_modes.o)
                                0x8df (size before relaxing)

.comment        0x00000000       0x70
 .comment       0x00000000       0x70 ./utilities/fsl_debug_console.o
                                 0x71 (size before relaxing)
 .comment       0x00000000       0x71 ./utilities/fsl_misc_utilities.o
 .comment       0x00000000       0x71 ./board/board.o
 .comment       0x00000000       0x71 ./board/hardware_init.o
 .comment       0x00000000       0x71 ./board/pin_mux.o
 .comment       0x00000000       0x71 ./Sources/main.o
 .comment       0x00000000       0x71 ./Project_Settings/Startup_Code/startup.o
 .comment       0x00000000       0x71 ./Project_Settings/Startup_Code/system_MKL46Z4.o
 .comment       0x00000000       0x71 C:/Freescale/KSDK_1.3.0/lib/ksdk_platform_lib/kds/KL46Z4/debug/libksdk_platform.a(fsl_uart_hal.o)
 .comment       0x00000000       0x71 C:/Freescale/KSDK_1.3.0/lib/ksdk_platform_lib/kds/KL46Z4/debug/libksdk_platform.a(fsl_lpsci_hal.o)
 .comment       0x00000000       0x71 C:/Freescale/KSDK_1.3.0/lib/ksdk_platform_lib/kds/KL46Z4/debug/libksdk_platform.a(fsl_clock_MKL46Z4.o)
 .comment       0x00000000       0x71 C:/Freescale/KSDK_1.3.0/lib/ksdk_platform_lib/kds/KL46Z4/debug/libksdk_platform.a(fsl_clock_manager.o)
 .comment       0x00000000       0x71 C:/Freescale/KSDK_1.3.0/lib/ksdk_platform_lib/kds/KL46Z4/debug/libksdk_platform.a(fsl_clock_manager_common.o)
 .comment       0x00000000       0x71 C:/Freescale/KSDK_1.3.0/lib/ksdk_platform_lib/kds/KL46Z4/debug/libksdk_platform.a(fsl_sim_hal_MKL46Z4.o)
 .comment       0x00000000       0x71 C:/Freescale/KSDK_1.3.0/lib/ksdk_platform_lib/kds/KL46Z4/debug/libksdk_platform.a(fsl_osc_hal.o)
 .comment       0x00000000       0x71 C:/Freescale/KSDK_1.3.0/lib/ksdk_platform_lib/kds/KL46Z4/debug/libksdk_platform.a(fsl_mcg_hal.o)
 .comment       0x00000000       0x71 C:/Freescale/KSDK_1.3.0/lib/ksdk_platform_lib/kds/KL46Z4/debug/libksdk_platform.a(fsl_mcg_hal_modes.o)

.debug_frame    0x00000000     0x29f4
 .debug_frame   0x00000000      0x230 ./utilities/fsl_debug_console.o
 .debug_frame   0x00000230       0x50 ./utilities/fsl_misc_utilities.o
 .debug_frame   0x00000280      0x164 ./board/board.o
 .debug_frame   0x000003e4       0x2c ./board/hardware_init.o
 .debug_frame   0x00000410      0x210 ./board/pin_mux.o
 .debug_frame   0x00000620       0x30 ./Sources/main.o
 .debug_frame   0x00000650       0x30 ./Project_Settings/Startup_Code/startup.o
 .debug_frame   0x00000680       0x4c ./Project_Settings/Startup_Code/system_MKL46Z4.o
 .debug_frame   0x000006cc      0x270 C:/Freescale/KSDK_1.3.0/lib/ksdk_platform_lib/kds/KL46Z4/debug/libksdk_platform.a(fsl_uart_hal.o)
 .debug_frame   0x0000093c      0x2d0 C:/Freescale/KSDK_1.3.0/lib/ksdk_platform_lib/kds/KL46Z4/debug/libksdk_platform.a(fsl_lpsci_hal.o)
 .debug_frame   0x00000c0c      0x7fc C:/Freescale/KSDK_1.3.0/lib/ksdk_platform_lib/kds/KL46Z4/debug/libksdk_platform.a(fsl_clock_MKL46Z4.o)
 .debug_frame   0x00001408      0x4ec C:/Freescale/KSDK_1.3.0/lib/ksdk_platform_lib/kds/KL46Z4/debug/libksdk_platform.a(fsl_clock_manager.o)
 .debug_frame   0x000018f4      0x1f0 C:/Freescale/KSDK_1.3.0/lib/ksdk_platform_lib/kds/KL46Z4/debug/libksdk_platform.a(fsl_sim_hal_MKL46Z4.o)
 .debug_frame   0x00001ae4       0x30 C:/Freescale/KSDK_1.3.0/lib/ksdk_platform_lib/kds/KL46Z4/debug/libksdk_platform.a(fsl_osc_hal.o)
 .debug_frame   0x00001b14      0x370 C:/Freescale/KSDK_1.3.0/lib/ksdk_platform_lib/kds/KL46Z4/debug/libksdk_platform.a(fsl_mcg_hal.o)
 .debug_frame   0x00001e84      0x210 C:/Freescale/KSDK_1.3.0/lib/ksdk_platform_lib/kds/KL46Z4/debug/libksdk_platform.a(fsl_mcg_hal_modes.o)
 .debug_frame   0x00002094       0x20 c:/freescale/kds_v3/toolchain/bin/../lib/gcc/arm-none-eabi/4.8.4/armv6-m\libgcc.a(_udivsi3.o)
 .debug_frame   0x000020b4       0x4c c:/freescale/kds_v3/toolchain/bin/../lib/gcc/arm-none-eabi/4.8.4/../../../../arm-none-eabi/lib/armv6-m\libg_s.a(lib_a-assert.o)
 .debug_frame   0x00002100       0x20 c:/freescale/kds_v3/toolchain/bin/../lib/gcc/arm-none-eabi/4.8.4/../../../../arm-none-eabi/lib/armv6-m\libg_s.a(lib_a-errno.o)
 .debug_frame   0x00002120       0x28 c:/freescale/kds_v3/toolchain/bin/../lib/gcc/arm-none-eabi/4.8.4/../../../../arm-none-eabi/lib/armv6-m\libg_s.a(lib_a-exit.o)
 .debug_frame   0x00002148       0x4c c:/freescale/kds_v3/toolchain/bin/../lib/gcc/arm-none-eabi/4.8.4/../../../../arm-none-eabi/lib/armv6-m\libg_s.a(lib_a-fprintf.o)
 .debug_frame   0x00002194       0x2c c:/freescale/kds_v3/toolchain/bin/../lib/gcc/arm-none-eabi/4.8.4/../../../../arm-none-eabi/lib/armv6-m\libg_s.a(lib_a-init.o)
 .debug_frame   0x000021c0       0x20 c:/freescale/kds_v3/toolchain/bin/../lib/gcc/arm-none-eabi/4.8.4/../../../../arm-none-eabi/lib/armv6-m\libg_s.a(lib_a-memset.o)
 .debug_frame   0x000021e0       0x2c c:/freescale/kds_v3/toolchain/bin/../lib/gcc/arm-none-eabi/4.8.4/../../../../arm-none-eabi/lib/armv6-m\libg_s.a(lib_a-nano-freer.o)
 .debug_frame   0x0000220c       0x2c c:/freescale/kds_v3/toolchain/bin/../lib/gcc/arm-none-eabi/4.8.4/../../../../arm-none-eabi/lib/armv6-m\libg_s.a(lib_a-nano-mallocr.o)
 .debug_frame   0x00002238       0x2c c:/freescale/kds_v3/toolchain/bin/../lib/gcc/arm-none-eabi/4.8.4/../../../../arm-none-eabi/lib/armv6-m\libg_s.a(lib_a-sbrkr.o)
 .debug_frame   0x00002264       0x20 c:/freescale/kds_v3/toolchain/bin/../lib/gcc/arm-none-eabi/4.8.4/../../../../arm-none-eabi/lib/armv6-m\libg_s.a(lib_a-strlen.o)
 .debug_frame   0x00002284       0xa0 c:/freescale/kds_v3/toolchain/bin/../lib/gcc/arm-none-eabi/4.8.4/../../../../arm-none-eabi/lib/armv6-m\libg_s.a(lib_a-vfprintf.o)
 .debug_frame   0x00002324       0x54 c:/freescale/kds_v3/toolchain/bin/../lib/gcc/arm-none-eabi/4.8.4/../../../../arm-none-eabi/lib/armv6-m\libg_s.a(lib_a-vfprintf_i.o)
 .debug_frame   0x00002378       0x44 c:/freescale/kds_v3/toolchain/bin/../lib/gcc/arm-none-eabi/4.8.4/../../../../arm-none-eabi/lib/armv6-m\libg_s.a(lib_a-wbuf.o)
 .debug_frame   0x000023bc       0x2c c:/freescale/kds_v3/toolchain/bin/../lib/gcc/arm-none-eabi/4.8.4/../../../../arm-none-eabi/lib/armv6-m\libg_s.a(lib_a-wsetup.o)
 .debug_frame   0x000023e8       0x28 c:/freescale/kds_v3/toolchain/bin/../lib/gcc/arm-none-eabi/4.8.4/../../../../arm-none-eabi/lib/armv6-m\libg_s.a(lib_a-abort.o)
 .debug_frame   0x00002410       0x68 c:/freescale/kds_v3/toolchain/bin/../lib/gcc/arm-none-eabi/4.8.4/../../../../arm-none-eabi/lib/armv6-m\libg_s.a(lib_a-fflush.o)
 .debug_frame   0x00002478      0x148 c:/freescale/kds_v3/toolchain/bin/../lib/gcc/arm-none-eabi/4.8.4/../../../../arm-none-eabi/lib/armv6-m\libg_s.a(lib_a-findfp.o)
 .debug_frame   0x000025c0       0x30 c:/freescale/kds_v3/toolchain/bin/../lib/gcc/arm-none-eabi/4.8.4/../../../../arm-none-eabi/lib/armv6-m\libg_s.a(lib_a-makebuf.o)
 .debug_frame   0x000025f0       0x20 c:/freescale/kds_v3/toolchain/bin/../lib/gcc/arm-none-eabi/4.8.4/../../../../arm-none-eabi/lib/armv6-m\libg_s.a(lib_a-memchr-stub.o)
 .debug_frame   0x00002610       0x48 c:/freescale/kds_v3/toolchain/bin/../lib/gcc/arm-none-eabi/4.8.4/../../../../arm-none-eabi/lib/armv6-m\libg_s.a(lib_a-reent.o)
 .debug_frame   0x00002658       0xe0 c:/freescale/kds_v3/toolchain/bin/../lib/gcc/arm-none-eabi/4.8.4/../../../../arm-none-eabi/lib/armv6-m\libg_s.a(lib_a-signal.o)
 .debug_frame   0x00002738       0x44 c:/freescale/kds_v3/toolchain/bin/../lib/gcc/arm-none-eabi/4.8.4/../../../../arm-none-eabi/lib/armv6-m\libg_s.a(lib_a-signalr.o)
 .debug_frame   0x0000277c       0x90 c:/freescale/kds_v3/toolchain/bin/../lib/gcc/arm-none-eabi/4.8.4/../../../../arm-none-eabi/lib/armv6-m\libg_s.a(lib_a-stdio.o)
 .debug_frame   0x0000280c       0x2c c:/freescale/kds_v3/toolchain/bin/../lib/gcc/arm-none-eabi/4.8.4/../../../../arm-none-eabi/lib/armv6-m\libg_s.a(lib_a-writer.o)
 .debug_frame   0x00002838       0x2c c:/freescale/kds_v3/toolchain/bin/../lib/gcc/arm-none-eabi/4.8.4/../../../../arm-none-eabi/lib/armv6-m\libg_s.a(lib_a-closer.o)
 .debug_frame   0x00002864       0x2c c:/freescale/kds_v3/toolchain/bin/../lib/gcc/arm-none-eabi/4.8.4/../../../../arm-none-eabi/lib/armv6-m\libg_s.a(lib_a-fstatr.o)
 .debug_frame   0x00002890       0x2c c:/freescale/kds_v3/toolchain/bin/../lib/gcc/arm-none-eabi/4.8.4/../../../../arm-none-eabi/lib/armv6-m\libg_s.a(lib_a-isattyr.o)
 .debug_frame   0x000028bc       0x2c c:/freescale/kds_v3/toolchain/bin/../lib/gcc/arm-none-eabi/4.8.4/../../../../arm-none-eabi/lib/armv6-m\libg_s.a(lib_a-lseekr.o)
 .debug_frame   0x000028e8       0x2c c:/freescale/kds_v3/toolchain/bin/../lib/gcc/arm-none-eabi/4.8.4/../../../../arm-none-eabi/lib/armv6-m\libg_s.a(lib_a-readr.o)
 .debug_frame   0x00002914       0x20 c:/freescale/kds_v3/toolchain/bin/../lib/gcc/arm-none-eabi/4.8.4/../../../../arm-none-eabi/lib/armv6-m\libnosys.a(close.o)
 .debug_frame   0x00002934       0x20 c:/freescale/kds_v3/toolchain/bin/../lib/gcc/arm-none-eabi/4.8.4/../../../../arm-none-eabi/lib/armv6-m\libnosys.a(fstat.o)
 .debug_frame   0x00002954       0x20 c:/freescale/kds_v3/toolchain/bin/../lib/gcc/arm-none-eabi/4.8.4/../../../../arm-none-eabi/lib/armv6-m\libnosys.a(getpid.o)
 .debug_frame   0x00002974       0x20 c:/freescale/kds_v3/toolchain/bin/../lib/gcc/arm-none-eabi/4.8.4/../../../../arm-none-eabi/lib/armv6-m\libnosys.a(isatty.o)
 .debug_frame   0x00002994       0x20 c:/freescale/kds_v3/toolchain/bin/../lib/gcc/arm-none-eabi/4.8.4/../../../../arm-none-eabi/lib/armv6-m\libnosys.a(kill.o)
 .debug_frame   0x000029b4       0x20 c:/freescale/kds_v3/toolchain/bin/../lib/gcc/arm-none-eabi/4.8.4/../../../../arm-none-eabi/lib/armv6-m\libnosys.a(lseek.o)
 .debug_frame   0x000029d4       0x20 c:/freescale/kds_v3/toolchain/bin/../lib/gcc/arm-none-eabi/4.8.4/../../../../arm-none-eabi/lib/armv6-m\libnosys.a(_exit.o)

.stab           0x00000000       0x9c
 .stab          0x00000000       0x24 c:/freescale/kds_v3/toolchain/bin/../lib/gcc/arm-none-eabi/4.8.4/../../../../arm-none-eabi/lib/armv6-m\libnosys.a(close.o)
 .stab          0x00000024       0x18 c:/freescale/kds_v3/toolchain/bin/../lib/gcc/arm-none-eabi/4.8.4/../../../../arm-none-eabi/lib/armv6-m\libnosys.a(fstat.o)
                                 0x24 (size before relaxing)
 .stab          0x0000003c       0x18 c:/freescale/kds_v3/toolchain/bin/../lib/gcc/arm-none-eabi/4.8.4/../../../../arm-none-eabi/lib/armv6-m\libnosys.a(getpid.o)
                                 0x24 (size before relaxing)
 .stab          0x00000054       0x18 c:/freescale/kds_v3/toolchain/bin/../lib/gcc/arm-none-eabi/4.8.4/../../../../arm-none-eabi/lib/armv6-m\libnosys.a(isatty.o)
                                 0x24 (size before relaxing)
 .stab          0x0000006c       0x18 c:/freescale/kds_v3/toolchain/bin/../lib/gcc/arm-none-eabi/4.8.4/../../../../arm-none-eabi/lib/armv6-m\libnosys.a(kill.o)
                                 0x24 (size before relaxing)
 .stab          0x00000084       0x18 c:/freescale/kds_v3/toolchain/bin/../lib/gcc/arm-none-eabi/4.8.4/../../../../arm-none-eabi/lib/armv6-m\libnosys.a(lseek.o)
                                 0x24 (size before relaxing)

.stabstr        0x00000000      0x14f
 .stabstr       0x00000000      0x14f c:/freescale/kds_v3/toolchain/bin/../lib/gcc/arm-none-eabi/4.8.4/../../../../arm-none-eabi/lib/armv6-m\libnosys.a(close.o)
